

================================================================
== Vivado HLS Report for 'shift_line_buffer_array_ap_fixed_4_2_5_3_0_8u_config14_s'
================================================================
* Date:           Sat May 24 00:25:04 2025

* Version:        2020.1 (Build 2897737 on Wed May 27 20:21:37 MDT 2020)
* Project:        myproject_prj
* Solution:       solution1
* Product family: zynq
* Target device:  xc7z020-clg400-1


================================================================
== Performance Estimates
================================================================
+ Timing: 
    * Summary: 
    +--------+---------+----------+------------+
    |  Clock |  Target | Estimated| Uncertainty|
    +--------+---------+----------+------------+
    |ap_clk  | 5.00 ns | 3.249 ns |   0.62 ns  |
    +--------+---------+----------+------------+

+ Latency: 
    * Summary: 
    +---------+---------+----------+----------+-----+-----+----------+
    |  Latency (cycles) |  Latency (absolute) |  Interval | Pipeline |
    |   min   |   max   |    min   |    max   | min | max |   Type   |
    +---------+---------+----------+----------+-----+-----+----------+
    |        0|        0|   0 ns   |   0 ns   |    1|    1| function |
    +---------+---------+----------+----------+-----+-----+----------+

    + Detail: 
        * Instance: 
        N/A

        * Loop: 
        N/A

============================================================
+ Verbose Summary: Synthesis Manager
============================================================
InlineROM: 1
ExposeGlobal: 0
============================================================
+ Verbose Summary: CDFG Model
============================================================
IsTopModel: 0
ResetActiveHigh: 1
IsCombinational: 0
IsDatapathOnly: 0
HasWiredReturn: 1
HasMFsm: 2
HasVarLatency: 0
IsPipeline: 1
IsRtlPipelined: 0
IsInstanceOverlapped: 0
IsDontTouch: 0
HasImplIP: 0
IsGatedGlobalClock: 0

+ Individual pipeline summary: 
  * Pipeline-0: initiation interval (II) = 1, depth = 1


============================================================
+ Verbose Summary: Schedule
============================================================
* Number of FSM states : 1
* Pipeline : 1
  Pipeline-0 : II = 1, D = 1, States = { 1 }
* Dataflow Pipeline: 0

* FSM state transitions: 
1 --> 

* FSM state operations: 

State 1 <SV = 0> <Delay = 3.24>
ST_1 : Operation 2 [1/1] (0.00ns)   --->   "%kernel_window_71_V_read_3 = call i4 @_ssdm_op_Read.ap_auto.i4(i4 %kernel_window_71_V_read)" [firmware/nnet_utils/nnet_conv_stream.h:216]   --->   Operation 2 'read' 'kernel_window_71_V_read_3' <Predicate = true> <Delay = 0.00>
ST_1 : Operation 3 [1/1] (0.00ns)   --->   "%kernel_window_70_V_read_3 = call i4 @_ssdm_op_Read.ap_auto.i4(i4 %kernel_window_70_V_read)" [firmware/nnet_utils/nnet_conv_stream.h:216]   --->   Operation 3 'read' 'kernel_window_70_V_read_3' <Predicate = true> <Delay = 0.00>
ST_1 : Operation 4 [1/1] (0.00ns)   --->   "%kernel_window_68_V_read_3 = call i4 @_ssdm_op_Read.ap_auto.i4(i4 %kernel_window_68_V_read)" [firmware/nnet_utils/nnet_conv_stream.h:216]   --->   Operation 4 'read' 'kernel_window_68_V_read_3' <Predicate = true> <Delay = 0.00>
ST_1 : Operation 5 [1/1] (0.00ns)   --->   "%kernel_window_66_V_read_3 = call i4 @_ssdm_op_Read.ap_auto.i4(i4 %kernel_window_66_V_read)" [firmware/nnet_utils/nnet_conv_stream.h:216]   --->   Operation 5 'read' 'kernel_window_66_V_read_3' <Predicate = true> <Delay = 0.00>
ST_1 : Operation 6 [1/1] (0.00ns)   --->   "%kernel_window_65_V_read_3 = call i4 @_ssdm_op_Read.ap_auto.i4(i4 %kernel_window_65_V_read)" [firmware/nnet_utils/nnet_conv_stream.h:216]   --->   Operation 6 'read' 'kernel_window_65_V_read_3' <Predicate = true> <Delay = 0.00>
ST_1 : Operation 7 [1/1] (0.00ns)   --->   "%kernel_window_64_V_read_3 = call i4 @_ssdm_op_Read.ap_auto.i4(i4 %kernel_window_64_V_read)" [firmware/nnet_utils/nnet_conv_stream.h:216]   --->   Operation 7 'read' 'kernel_window_64_V_read_3' <Predicate = true> <Delay = 0.00>
ST_1 : Operation 8 [1/1] (0.00ns)   --->   "%kernel_window_60_V_read_3 = call i4 @_ssdm_op_Read.ap_auto.i4(i4 %kernel_window_60_V_read)" [firmware/nnet_utils/nnet_conv_stream.h:216]   --->   Operation 8 'read' 'kernel_window_60_V_read_3' <Predicate = true> <Delay = 0.00>
ST_1 : Operation 9 [1/1] (0.00ns)   --->   "%kernel_window_58_V_read_3 = call i4 @_ssdm_op_Read.ap_auto.i4(i4 %kernel_window_58_V_read)" [firmware/nnet_utils/nnet_conv_stream.h:216]   --->   Operation 9 'read' 'kernel_window_58_V_read_3' <Predicate = true> <Delay = 0.00>
ST_1 : Operation 10 [1/1] (0.00ns)   --->   "%kernel_window_57_V_read_3 = call i4 @_ssdm_op_Read.ap_auto.i4(i4 %kernel_window_57_V_read)" [firmware/nnet_utils/nnet_conv_stream.h:216]   --->   Operation 10 'read' 'kernel_window_57_V_read_3' <Predicate = true> <Delay = 0.00>
ST_1 : Operation 11 [1/1] (0.00ns)   --->   "%kernel_window_47_V_read_3 = call i4 @_ssdm_op_Read.ap_auto.i4(i4 %kernel_window_47_V_read)" [firmware/nnet_utils/nnet_conv_stream.h:216]   --->   Operation 11 'read' 'kernel_window_47_V_read_3' <Predicate = true> <Delay = 0.00>
ST_1 : Operation 12 [1/1] (0.00ns)   --->   "%kernel_window_46_V_read_3 = call i4 @_ssdm_op_Read.ap_auto.i4(i4 %kernel_window_46_V_read)" [firmware/nnet_utils/nnet_conv_stream.h:216]   --->   Operation 12 'read' 'kernel_window_46_V_read_3' <Predicate = true> <Delay = 0.00>
ST_1 : Operation 13 [1/1] (0.00ns)   --->   "%kernel_window_43_V_read_3 = call i4 @_ssdm_op_Read.ap_auto.i4(i4 %kernel_window_43_V_read)" [firmware/nnet_utils/nnet_conv_stream.h:216]   --->   Operation 13 'read' 'kernel_window_43_V_read_3' <Predicate = true> <Delay = 0.00>
ST_1 : Operation 14 [1/1] (0.00ns)   --->   "%kernel_window_42_V_read_3 = call i4 @_ssdm_op_Read.ap_auto.i4(i4 %kernel_window_42_V_read)" [firmware/nnet_utils/nnet_conv_stream.h:216]   --->   Operation 14 'read' 'kernel_window_42_V_read_3' <Predicate = true> <Delay = 0.00>
ST_1 : Operation 15 [1/1] (0.00ns)   --->   "%kernel_window_41_V_read_3 = call i4 @_ssdm_op_Read.ap_auto.i4(i4 %kernel_window_41_V_read)" [firmware/nnet_utils/nnet_conv_stream.h:216]   --->   Operation 15 'read' 'kernel_window_41_V_read_3' <Predicate = true> <Delay = 0.00>
ST_1 : Operation 16 [1/1] (0.00ns)   --->   "%kernel_window_40_V_read_3 = call i4 @_ssdm_op_Read.ap_auto.i4(i4 %kernel_window_40_V_read)" [firmware/nnet_utils/nnet_conv_stream.h:216]   --->   Operation 16 'read' 'kernel_window_40_V_read_3' <Predicate = true> <Delay = 0.00>
ST_1 : Operation 17 [1/1] (0.00ns)   --->   "%kernel_window_35_V_read_3 = call i4 @_ssdm_op_Read.ap_auto.i4(i4 %kernel_window_35_V_read)" [firmware/nnet_utils/nnet_conv_stream.h:216]   --->   Operation 17 'read' 'kernel_window_35_V_read_3' <Predicate = true> <Delay = 0.00>
ST_1 : Operation 18 [1/1] (0.00ns)   --->   "%kernel_window_34_V_read_3 = call i4 @_ssdm_op_Read.ap_auto.i4(i4 %kernel_window_34_V_read)" [firmware/nnet_utils/nnet_conv_stream.h:216]   --->   Operation 18 'read' 'kernel_window_34_V_read_3' <Predicate = true> <Delay = 0.00>
ST_1 : Operation 19 [1/1] (0.00ns)   --->   "%kernel_window_32_V_read_3 = call i4 @_ssdm_op_Read.ap_auto.i4(i4 %kernel_window_32_V_read)" [firmware/nnet_utils/nnet_conv_stream.h:216]   --->   Operation 19 'read' 'kernel_window_32_V_read_3' <Predicate = true> <Delay = 0.00>
ST_1 : Operation 20 [1/1] (0.00ns)   --->   "%kernel_window_23_V_read_3 = call i4 @_ssdm_op_Read.ap_auto.i4(i4 %kernel_window_23_V_read)" [firmware/nnet_utils/nnet_conv_stream.h:216]   --->   Operation 20 'read' 'kernel_window_23_V_read_3' <Predicate = true> <Delay = 0.00>
ST_1 : Operation 21 [1/1] (0.00ns)   --->   "%kernel_window_22_V_read_3 = call i4 @_ssdm_op_Read.ap_auto.i4(i4 %kernel_window_22_V_read)" [firmware/nnet_utils/nnet_conv_stream.h:216]   --->   Operation 21 'read' 'kernel_window_22_V_read_3' <Predicate = true> <Delay = 0.00>
ST_1 : Operation 22 [1/1] (0.00ns)   --->   "%kernel_window_21_V_read_3 = call i4 @_ssdm_op_Read.ap_auto.i4(i4 %kernel_window_21_V_read)" [firmware/nnet_utils/nnet_conv_stream.h:216]   --->   Operation 22 'read' 'kernel_window_21_V_read_3' <Predicate = true> <Delay = 0.00>
ST_1 : Operation 23 [1/1] (0.00ns)   --->   "%kernel_window_20_V_read_3 = call i4 @_ssdm_op_Read.ap_auto.i4(i4 %kernel_window_20_V_read)" [firmware/nnet_utils/nnet_conv_stream.h:216]   --->   Operation 23 'read' 'kernel_window_20_V_read_3' <Predicate = true> <Delay = 0.00>
ST_1 : Operation 24 [1/1] (0.00ns)   --->   "%kernel_window_19_V_read_3 = call i4 @_ssdm_op_Read.ap_auto.i4(i4 %kernel_window_19_V_read)" [firmware/nnet_utils/nnet_conv_stream.h:216]   --->   Operation 24 'read' 'kernel_window_19_V_read_3' <Predicate = true> <Delay = 0.00>
ST_1 : Operation 25 [1/1] (0.00ns)   --->   "%kernel_window_18_V_read_3 = call i4 @_ssdm_op_Read.ap_auto.i4(i4 %kernel_window_18_V_read)" [firmware/nnet_utils/nnet_conv_stream.h:216]   --->   Operation 25 'read' 'kernel_window_18_V_read_3' <Predicate = true> <Delay = 0.00>
ST_1 : Operation 26 [1/1] (0.00ns)   --->   "%kernel_window_17_V_read_3 = call i4 @_ssdm_op_Read.ap_auto.i4(i4 %kernel_window_17_V_read)" [firmware/nnet_utils/nnet_conv_stream.h:216]   --->   Operation 26 'read' 'kernel_window_17_V_read_3' <Predicate = true> <Delay = 0.00>
ST_1 : Operation 27 [1/1] (0.00ns)   --->   "%kernel_window_14_V_read_3 = call i4 @_ssdm_op_Read.ap_auto.i4(i4 %kernel_window_14_V_read)" [firmware/nnet_utils/nnet_conv_stream.h:216]   --->   Operation 27 'read' 'kernel_window_14_V_read_3' <Predicate = true> <Delay = 0.00>
ST_1 : Operation 28 [1/1] (0.00ns)   --->   "%kernel_window_12_V_read_3 = call i4 @_ssdm_op_Read.ap_auto.i4(i4 %kernel_window_12_V_read)" [firmware/nnet_utils/nnet_conv_stream.h:216]   --->   Operation 28 'read' 'kernel_window_12_V_read_3' <Predicate = true> <Delay = 0.00>
ST_1 : Operation 29 [1/1] (0.00ns)   --->   "%kernel_window_11_V_read_3 = call i4 @_ssdm_op_Read.ap_auto.i4(i4 %kernel_window_11_V_read)" [firmware/nnet_utils/nnet_conv_stream.h:216]   --->   Operation 29 'read' 'kernel_window_11_V_read_3' <Predicate = true> <Delay = 0.00>
ST_1 : Operation 30 [1/1] (0.00ns)   --->   "%kernel_window_10_V_read_3 = call i4 @_ssdm_op_Read.ap_auto.i4(i4 %kernel_window_10_V_read)" [firmware/nnet_utils/nnet_conv_stream.h:216]   --->   Operation 30 'read' 'kernel_window_10_V_read_3' <Predicate = true> <Delay = 0.00>
ST_1 : Operation 31 [1/1] (0.00ns)   --->   "%kernel_window_9_V_read_3 = call i4 @_ssdm_op_Read.ap_auto.i4(i4 %kernel_window_9_V_read)" [firmware/nnet_utils/nnet_conv_stream.h:216]   --->   Operation 31 'read' 'kernel_window_9_V_read_3' <Predicate = true> <Delay = 0.00>
ST_1 : Operation 32 [1/1] (0.00ns)   --->   "%in_elem_data_7_V_read_3 = call i4 @_ssdm_op_Read.ap_auto.i4(i4 %in_elem_data_7_V_read)" [firmware/nnet_utils/nnet_conv_stream.h:216]   --->   Operation 32 'read' 'in_elem_data_7_V_read_3' <Predicate = true> <Delay = 0.00>
ST_1 : Operation 33 [1/1] (0.00ns)   --->   "%in_elem_data_6_V_read_3 = call i4 @_ssdm_op_Read.ap_auto.i4(i4 %in_elem_data_6_V_read)" [firmware/nnet_utils/nnet_conv_stream.h:216]   --->   Operation 33 'read' 'in_elem_data_6_V_read_3' <Predicate = true> <Delay = 0.00>
ST_1 : Operation 34 [1/1] (0.00ns)   --->   "%in_elem_data_5_V_read_3 = call i4 @_ssdm_op_Read.ap_auto.i4(i4 %in_elem_data_5_V_read)" [firmware/nnet_utils/nnet_conv_stream.h:216]   --->   Operation 34 'read' 'in_elem_data_5_V_read_3' <Predicate = true> <Delay = 0.00>
ST_1 : Operation 35 [1/1] (0.00ns)   --->   "%in_elem_data_4_V_read_3 = call i4 @_ssdm_op_Read.ap_auto.i4(i4 %in_elem_data_4_V_read)" [firmware/nnet_utils/nnet_conv_stream.h:216]   --->   Operation 35 'read' 'in_elem_data_4_V_read_3' <Predicate = true> <Delay = 0.00>
ST_1 : Operation 36 [1/1] (0.00ns)   --->   "%in_elem_data_3_V_read_3 = call i4 @_ssdm_op_Read.ap_auto.i4(i4 %in_elem_data_3_V_read)" [firmware/nnet_utils/nnet_conv_stream.h:216]   --->   Operation 36 'read' 'in_elem_data_3_V_read_3' <Predicate = true> <Delay = 0.00>
ST_1 : Operation 37 [1/1] (0.00ns)   --->   "%in_elem_data_2_V_read_3 = call i4 @_ssdm_op_Read.ap_auto.i4(i4 %in_elem_data_2_V_read)" [firmware/nnet_utils/nnet_conv_stream.h:216]   --->   Operation 37 'read' 'in_elem_data_2_V_read_3' <Predicate = true> <Delay = 0.00>
ST_1 : Operation 38 [1/1] (0.00ns)   --->   "%in_elem_data_1_V_read_3 = call i4 @_ssdm_op_Read.ap_auto.i4(i4 %in_elem_data_1_V_read)" [firmware/nnet_utils/nnet_conv_stream.h:216]   --->   Operation 38 'read' 'in_elem_data_1_V_read_3' <Predicate = true> <Delay = 0.00>
ST_1 : Operation 39 [1/1] (0.00ns)   --->   "%in_elem_data_0_V_read_3 = call i4 @_ssdm_op_Read.ap_auto.i4(i4 %in_elem_data_0_V_read)" [firmware/nnet_utils/nnet_conv_stream.h:216]   --->   Operation 39 'read' 'in_elem_data_0_V_read_3' <Predicate = true> <Delay = 0.00>
ST_1 : Operation 40 [1/1] (0.00ns)   --->   "call void (...)* @_ssdm_op_SpecPipeline(i32 -1, i32 1, i32 1, i32 0, [1 x i8]* @p_str23) nounwind" [firmware/nnet_utils/nnet_conv_stream.h:221]   --->   Operation 40 'specpipeline' <Predicate = true> <Delay = 0.00>
ST_1 : Operation 41 [1/1] (1.62ns)   --->   "%DataOut_V_75 = call i4 @"_ssdm_op_MemShiftRead.[66 x i4]P"(i4* getelementptr inbounds ([66 x i4]* @line_buffer_Array_V_4_0_0, i64 0, i64 65), i4 %in_elem_data_0_V_read_3, i1 true)" [firmware/nnet_utils/nnet_conv_stream.h:241]   --->   Operation 41 'memshiftread' 'DataOut_V_75' <Predicate = true> <Delay = 1.62> <Core = "ShiftReg">   --->   Core 33 'ShiftReg' <Latency = 0> <II = 1> <Delay = 1.62> <Storage> <Opcode : 'memshiftread' 'load'> <Ports = 1> <Width = 4> <Depth = 66> <ShiftMem>
ST_1 : Operation 42 [1/1] (1.62ns)   --->   "%DataOut_V_32 = call i4 @"_ssdm_op_MemShiftRead.[66 x i4]P"(i4* getelementptr inbounds ([66 x i4]* @line_buffer_Array_V_4_1_0, i64 0, i64 65), i4 %DataOut_V_75, i1 true)" [firmware/nnet_utils/nnet_conv_stream.h:241]   --->   Operation 42 'memshiftread' 'DataOut_V_32' <Predicate = true> <Delay = 1.62> <Core = "ShiftReg">   --->   Core 33 'ShiftReg' <Latency = 0> <II = 1> <Delay = 1.62> <Storage> <Opcode : 'memshiftread' 'load'> <Ports = 1> <Width = 4> <Depth = 66> <ShiftMem>
ST_1 : Operation 43 [1/1] (1.62ns)   --->   "%DataOut_V_76 = call i4 @"_ssdm_op_MemShiftRead.[66 x i4]P"(i4* getelementptr inbounds ([66 x i4]* @line_buffer_Array_V_4_0_1, i64 0, i64 65), i4 %in_elem_data_1_V_read_3, i1 true)" [firmware/nnet_utils/nnet_conv_stream.h:241]   --->   Operation 43 'memshiftread' 'DataOut_V_76' <Predicate = true> <Delay = 1.62> <Core = "ShiftReg">   --->   Core 33 'ShiftReg' <Latency = 0> <II = 1> <Delay = 1.62> <Storage> <Opcode : 'memshiftread' 'load'> <Ports = 1> <Width = 4> <Depth = 66> <ShiftMem>
ST_1 : Operation 44 [1/1] (1.62ns)   --->   "%DataOut_V_77 = call i4 @"_ssdm_op_MemShiftRead.[66 x i4]P"(i4* getelementptr inbounds ([66 x i4]* @line_buffer_Array_V_4_1_1, i64 0, i64 65), i4 %DataOut_V_76, i1 true)" [firmware/nnet_utils/nnet_conv_stream.h:241]   --->   Operation 44 'memshiftread' 'DataOut_V_77' <Predicate = true> <Delay = 1.62> <Core = "ShiftReg">   --->   Core 33 'ShiftReg' <Latency = 0> <II = 1> <Delay = 1.62> <Storage> <Opcode : 'memshiftread' 'load'> <Ports = 1> <Width = 4> <Depth = 66> <ShiftMem>
ST_1 : Operation 45 [1/1] (1.62ns)   --->   "%DataOut_V_78 = call i4 @"_ssdm_op_MemShiftRead.[66 x i4]P"(i4* getelementptr inbounds ([66 x i4]* @line_buffer_Array_V_4_0_2, i64 0, i64 65), i4 %in_elem_data_2_V_read_3, i1 true)" [firmware/nnet_utils/nnet_conv_stream.h:241]   --->   Operation 45 'memshiftread' 'DataOut_V_78' <Predicate = true> <Delay = 1.62> <Core = "ShiftReg">   --->   Core 33 'ShiftReg' <Latency = 0> <II = 1> <Delay = 1.62> <Storage> <Opcode : 'memshiftread' 'load'> <Ports = 1> <Width = 4> <Depth = 66> <ShiftMem>
ST_1 : Operation 46 [1/1] (1.62ns)   --->   "%DataOut_V_79 = call i4 @"_ssdm_op_MemShiftRead.[66 x i4]P"(i4* getelementptr inbounds ([66 x i4]* @line_buffer_Array_V_4_1_2, i64 0, i64 65), i4 %DataOut_V_78, i1 true)" [firmware/nnet_utils/nnet_conv_stream.h:241]   --->   Operation 46 'memshiftread' 'DataOut_V_79' <Predicate = true> <Delay = 1.62> <Core = "ShiftReg">   --->   Core 33 'ShiftReg' <Latency = 0> <II = 1> <Delay = 1.62> <Storage> <Opcode : 'memshiftread' 'load'> <Ports = 1> <Width = 4> <Depth = 66> <ShiftMem>
ST_1 : Operation 47 [1/1] (1.62ns)   --->   "%DataOut_V_80 = call i4 @"_ssdm_op_MemShiftRead.[66 x i4]P"(i4* getelementptr inbounds ([66 x i4]* @line_buffer_Array_V_4_0_3, i64 0, i64 65), i4 %in_elem_data_3_V_read_3, i1 true)" [firmware/nnet_utils/nnet_conv_stream.h:241]   --->   Operation 47 'memshiftread' 'DataOut_V_80' <Predicate = true> <Delay = 1.62> <Core = "ShiftReg">   --->   Core 33 'ShiftReg' <Latency = 0> <II = 1> <Delay = 1.62> <Storage> <Opcode : 'memshiftread' 'load'> <Ports = 1> <Width = 4> <Depth = 66> <ShiftMem>
ST_1 : Operation 48 [1/1] (1.62ns)   --->   "%DataOut_V_81 = call i4 @"_ssdm_op_MemShiftRead.[66 x i4]P"(i4* getelementptr inbounds ([66 x i4]* @line_buffer_Array_V_4_1_3, i64 0, i64 65), i4 %DataOut_V_80, i1 true)" [firmware/nnet_utils/nnet_conv_stream.h:241]   --->   Operation 48 'memshiftread' 'DataOut_V_81' <Predicate = true> <Delay = 1.62> <Core = "ShiftReg">   --->   Core 33 'ShiftReg' <Latency = 0> <II = 1> <Delay = 1.62> <Storage> <Opcode : 'memshiftread' 'load'> <Ports = 1> <Width = 4> <Depth = 66> <ShiftMem>
ST_1 : Operation 49 [1/1] (1.62ns)   --->   "%DataOut_V_82 = call i4 @"_ssdm_op_MemShiftRead.[66 x i4]P"(i4* getelementptr inbounds ([66 x i4]* @line_buffer_Array_V_4_0_4, i64 0, i64 65), i4 %in_elem_data_4_V_read_3, i1 true)" [firmware/nnet_utils/nnet_conv_stream.h:241]   --->   Operation 49 'memshiftread' 'DataOut_V_82' <Predicate = true> <Delay = 1.62> <Core = "ShiftReg">   --->   Core 33 'ShiftReg' <Latency = 0> <II = 1> <Delay = 1.62> <Storage> <Opcode : 'memshiftread' 'load'> <Ports = 1> <Width = 4> <Depth = 66> <ShiftMem>
ST_1 : Operation 50 [1/1] (1.62ns)   --->   "%DataOut_V_83 = call i4 @"_ssdm_op_MemShiftRead.[66 x i4]P"(i4* getelementptr inbounds ([66 x i4]* @line_buffer_Array_V_4_1_4, i64 0, i64 65), i4 %DataOut_V_82, i1 true)" [firmware/nnet_utils/nnet_conv_stream.h:241]   --->   Operation 50 'memshiftread' 'DataOut_V_83' <Predicate = true> <Delay = 1.62> <Core = "ShiftReg">   --->   Core 33 'ShiftReg' <Latency = 0> <II = 1> <Delay = 1.62> <Storage> <Opcode : 'memshiftread' 'load'> <Ports = 1> <Width = 4> <Depth = 66> <ShiftMem>
ST_1 : Operation 51 [1/1] (1.62ns)   --->   "%DataOut_V_84 = call i4 @"_ssdm_op_MemShiftRead.[66 x i4]P"(i4* getelementptr inbounds ([66 x i4]* @line_buffer_Array_V_4_0_5, i64 0, i64 65), i4 %in_elem_data_5_V_read_3, i1 true)" [firmware/nnet_utils/nnet_conv_stream.h:241]   --->   Operation 51 'memshiftread' 'DataOut_V_84' <Predicate = true> <Delay = 1.62> <Core = "ShiftReg">   --->   Core 33 'ShiftReg' <Latency = 0> <II = 1> <Delay = 1.62> <Storage> <Opcode : 'memshiftread' 'load'> <Ports = 1> <Width = 4> <Depth = 66> <ShiftMem>
ST_1 : Operation 52 [1/1] (1.62ns)   --->   "%DataOut_V_85 = call i4 @"_ssdm_op_MemShiftRead.[66 x i4]P"(i4* getelementptr inbounds ([66 x i4]* @line_buffer_Array_V_4_1_5, i64 0, i64 65), i4 %DataOut_V_84, i1 true)" [firmware/nnet_utils/nnet_conv_stream.h:241]   --->   Operation 52 'memshiftread' 'DataOut_V_85' <Predicate = true> <Delay = 1.62> <Core = "ShiftReg">   --->   Core 33 'ShiftReg' <Latency = 0> <II = 1> <Delay = 1.62> <Storage> <Opcode : 'memshiftread' 'load'> <Ports = 1> <Width = 4> <Depth = 66> <ShiftMem>
ST_1 : Operation 53 [1/1] (1.62ns)   --->   "%DataOut_V_86 = call i4 @"_ssdm_op_MemShiftRead.[66 x i4]P"(i4* getelementptr inbounds ([66 x i4]* @line_buffer_Array_V_4_0_6, i64 0, i64 65), i4 %in_elem_data_6_V_read_3, i1 true)" [firmware/nnet_utils/nnet_conv_stream.h:241]   --->   Operation 53 'memshiftread' 'DataOut_V_86' <Predicate = true> <Delay = 1.62> <Core = "ShiftReg">   --->   Core 33 'ShiftReg' <Latency = 0> <II = 1> <Delay = 1.62> <Storage> <Opcode : 'memshiftread' 'load'> <Ports = 1> <Width = 4> <Depth = 66> <ShiftMem>
ST_1 : Operation 54 [1/1] (1.62ns)   --->   "%DataOut_V_87 = call i4 @"_ssdm_op_MemShiftRead.[66 x i4]P"(i4* getelementptr inbounds ([66 x i4]* @line_buffer_Array_V_4_1_6, i64 0, i64 65), i4 %DataOut_V_86, i1 true)" [firmware/nnet_utils/nnet_conv_stream.h:241]   --->   Operation 54 'memshiftread' 'DataOut_V_87' <Predicate = true> <Delay = 1.62> <Core = "ShiftReg">   --->   Core 33 'ShiftReg' <Latency = 0> <II = 1> <Delay = 1.62> <Storage> <Opcode : 'memshiftread' 'load'> <Ports = 1> <Width = 4> <Depth = 66> <ShiftMem>
ST_1 : Operation 55 [1/1] (1.62ns)   --->   "%DataOut_V_88 = call i4 @"_ssdm_op_MemShiftRead.[66 x i4]P"(i4* getelementptr inbounds ([66 x i4]* @line_buffer_Array_V_4_0_7, i64 0, i64 65), i4 %in_elem_data_7_V_read_3, i1 true)" [firmware/nnet_utils/nnet_conv_stream.h:241]   --->   Operation 55 'memshiftread' 'DataOut_V_88' <Predicate = true> <Delay = 1.62> <Core = "ShiftReg">   --->   Core 33 'ShiftReg' <Latency = 0> <II = 1> <Delay = 1.62> <Storage> <Opcode : 'memshiftread' 'load'> <Ports = 1> <Width = 4> <Depth = 66> <ShiftMem>
ST_1 : Operation 56 [1/1] (1.62ns)   --->   "%DataOut_V = call i4 @"_ssdm_op_MemShiftRead.[66 x i4]P"(i4* getelementptr inbounds ([66 x i4]* @line_buffer_Array_V_4_1_7, i64 0, i64 65), i4 %DataOut_V_88, i1 true)" [firmware/nnet_utils/nnet_conv_stream.h:241]   --->   Operation 56 'memshiftread' 'DataOut_V' <Predicate = true> <Delay = 1.62> <Core = "ShiftReg">   --->   Core 33 'ShiftReg' <Latency = 0> <II = 1> <Delay = 1.62> <Storage> <Opcode : 'memshiftread' 'load'> <Ports = 1> <Width = 4> <Depth = 66> <ShiftMem>
ST_1 : Operation 57 [1/1] (0.00ns)   --->   "%newret = insertvalue { i4, i4, i4, i4, i4, i4, i4, i4, i4, i4, i4, i4, i4, i4, i4, i4, i4, i4, i4, i4, i4, i4, i4, i4, i4, i4, i4, i4, i4, i4, i4, i4, i4, i4, i4, i4, i4, i4, i4, i4, i4, i4, i4, i4, i4, i4, i4, i4, i4, i4, i4, i4 } undef, i4 %kernel_window_9_V_read_3, 0" [firmware/nnet_utils/nnet_conv_stream.h:216]   --->   Operation 57 'insertvalue' 'newret' <Predicate = true> <Delay = 0.00>
ST_1 : Operation 58 [1/1] (0.00ns)   --->   "%newret1 = insertvalue { i4, i4, i4, i4, i4, i4, i4, i4, i4, i4, i4, i4, i4, i4, i4, i4, i4, i4, i4, i4, i4, i4, i4, i4, i4, i4, i4, i4, i4, i4, i4, i4, i4, i4, i4, i4, i4, i4, i4, i4, i4, i4, i4, i4, i4, i4, i4, i4, i4, i4, i4, i4 } %newret, i4 %kernel_window_10_V_read_3, 1" [firmware/nnet_utils/nnet_conv_stream.h:216]   --->   Operation 58 'insertvalue' 'newret1' <Predicate = true> <Delay = 0.00>
ST_1 : Operation 59 [1/1] (0.00ns)   --->   "%newret2 = insertvalue { i4, i4, i4, i4, i4, i4, i4, i4, i4, i4, i4, i4, i4, i4, i4, i4, i4, i4, i4, i4, i4, i4, i4, i4, i4, i4, i4, i4, i4, i4, i4, i4, i4, i4, i4, i4, i4, i4, i4, i4, i4, i4, i4, i4, i4, i4, i4, i4, i4, i4, i4, i4 } %newret1, i4 %kernel_window_11_V_read_3, 2" [firmware/nnet_utils/nnet_conv_stream.h:216]   --->   Operation 59 'insertvalue' 'newret2' <Predicate = true> <Delay = 0.00>
ST_1 : Operation 60 [1/1] (0.00ns)   --->   "%newret3 = insertvalue { i4, i4, i4, i4, i4, i4, i4, i4, i4, i4, i4, i4, i4, i4, i4, i4, i4, i4, i4, i4, i4, i4, i4, i4, i4, i4, i4, i4, i4, i4, i4, i4, i4, i4, i4, i4, i4, i4, i4, i4, i4, i4, i4, i4, i4, i4, i4, i4, i4, i4, i4, i4 } %newret2, i4 %kernel_window_12_V_read_3, 3" [firmware/nnet_utils/nnet_conv_stream.h:216]   --->   Operation 60 'insertvalue' 'newret3' <Predicate = true> <Delay = 0.00>
ST_1 : Operation 61 [1/1] (0.00ns)   --->   "%newret4 = insertvalue { i4, i4, i4, i4, i4, i4, i4, i4, i4, i4, i4, i4, i4, i4, i4, i4, i4, i4, i4, i4, i4, i4, i4, i4, i4, i4, i4, i4, i4, i4, i4, i4, i4, i4, i4, i4, i4, i4, i4, i4, i4, i4, i4, i4, i4, i4, i4, i4, i4, i4, i4, i4 } %newret3, i4 %kernel_window_14_V_read_3, 4" [firmware/nnet_utils/nnet_conv_stream.h:216]   --->   Operation 61 'insertvalue' 'newret4' <Predicate = true> <Delay = 0.00>
ST_1 : Operation 62 [1/1] (0.00ns)   --->   "%newret5 = insertvalue { i4, i4, i4, i4, i4, i4, i4, i4, i4, i4, i4, i4, i4, i4, i4, i4, i4, i4, i4, i4, i4, i4, i4, i4, i4, i4, i4, i4, i4, i4, i4, i4, i4, i4, i4, i4, i4, i4, i4, i4, i4, i4, i4, i4, i4, i4, i4, i4, i4, i4, i4, i4 } %newret4, i4 %kernel_window_32_V_read_3, 5" [firmware/nnet_utils/nnet_conv_stream.h:216]   --->   Operation 62 'insertvalue' 'newret5' <Predicate = true> <Delay = 0.00>
ST_1 : Operation 63 [1/1] (0.00ns)   --->   "%newret6 = insertvalue { i4, i4, i4, i4, i4, i4, i4, i4, i4, i4, i4, i4, i4, i4, i4, i4, i4, i4, i4, i4, i4, i4, i4, i4, i4, i4, i4, i4, i4, i4, i4, i4, i4, i4, i4, i4, i4, i4, i4, i4, i4, i4, i4, i4, i4, i4, i4, i4, i4, i4, i4, i4 } %newret5, i4 %kernel_window_34_V_read_3, 6" [firmware/nnet_utils/nnet_conv_stream.h:216]   --->   Operation 63 'insertvalue' 'newret6' <Predicate = true> <Delay = 0.00>
ST_1 : Operation 64 [1/1] (0.00ns)   --->   "%newret7 = insertvalue { i4, i4, i4, i4, i4, i4, i4, i4, i4, i4, i4, i4, i4, i4, i4, i4, i4, i4, i4, i4, i4, i4, i4, i4, i4, i4, i4, i4, i4, i4, i4, i4, i4, i4, i4, i4, i4, i4, i4, i4, i4, i4, i4, i4, i4, i4, i4, i4, i4, i4, i4, i4 } %newret6, i4 %kernel_window_35_V_read_3, 7" [firmware/nnet_utils/nnet_conv_stream.h:216]   --->   Operation 64 'insertvalue' 'newret7' <Predicate = true> <Delay = 0.00>
ST_1 : Operation 65 [1/1] (0.00ns)   --->   "%newret8 = insertvalue { i4, i4, i4, i4, i4, i4, i4, i4, i4, i4, i4, i4, i4, i4, i4, i4, i4, i4, i4, i4, i4, i4, i4, i4, i4, i4, i4, i4, i4, i4, i4, i4, i4, i4, i4, i4, i4, i4, i4, i4, i4, i4, i4, i4, i4, i4, i4, i4, i4, i4, i4, i4 } %newret7, i4 %kernel_window_57_V_read_3, 8" [firmware/nnet_utils/nnet_conv_stream.h:216]   --->   Operation 65 'insertvalue' 'newret8' <Predicate = true> <Delay = 0.00>
ST_1 : Operation 66 [1/1] (0.00ns)   --->   "%newret9 = insertvalue { i4, i4, i4, i4, i4, i4, i4, i4, i4, i4, i4, i4, i4, i4, i4, i4, i4, i4, i4, i4, i4, i4, i4, i4, i4, i4, i4, i4, i4, i4, i4, i4, i4, i4, i4, i4, i4, i4, i4, i4, i4, i4, i4, i4, i4, i4, i4, i4, i4, i4, i4, i4 } %newret8, i4 %kernel_window_58_V_read_3, 9" [firmware/nnet_utils/nnet_conv_stream.h:216]   --->   Operation 66 'insertvalue' 'newret9' <Predicate = true> <Delay = 0.00>
ST_1 : Operation 67 [1/1] (0.00ns)   --->   "%newret10 = insertvalue { i4, i4, i4, i4, i4, i4, i4, i4, i4, i4, i4, i4, i4, i4, i4, i4, i4, i4, i4, i4, i4, i4, i4, i4, i4, i4, i4, i4, i4, i4, i4, i4, i4, i4, i4, i4, i4, i4, i4, i4, i4, i4, i4, i4, i4, i4, i4, i4, i4, i4, i4, i4 } %newret9, i4 %kernel_window_60_V_read_3, 10" [firmware/nnet_utils/nnet_conv_stream.h:216]   --->   Operation 67 'insertvalue' 'newret10' <Predicate = true> <Delay = 0.00>
ST_1 : Operation 68 [1/1] (0.00ns)   --->   "%newret11 = insertvalue { i4, i4, i4, i4, i4, i4, i4, i4, i4, i4, i4, i4, i4, i4, i4, i4, i4, i4, i4, i4, i4, i4, i4, i4, i4, i4, i4, i4, i4, i4, i4, i4, i4, i4, i4, i4, i4, i4, i4, i4, i4, i4, i4, i4, i4, i4, i4, i4, i4, i4, i4, i4 } %newret10, i4 %kernel_window_17_V_read_3, 11" [firmware/nnet_utils/nnet_conv_stream.h:216]   --->   Operation 68 'insertvalue' 'newret11' <Predicate = true> <Delay = 0.00>
ST_1 : Operation 69 [1/1] (0.00ns)   --->   "%newret12 = insertvalue { i4, i4, i4, i4, i4, i4, i4, i4, i4, i4, i4, i4, i4, i4, i4, i4, i4, i4, i4, i4, i4, i4, i4, i4, i4, i4, i4, i4, i4, i4, i4, i4, i4, i4, i4, i4, i4, i4, i4, i4, i4, i4, i4, i4, i4, i4, i4, i4, i4, i4, i4, i4 } %newret11, i4 %kernel_window_18_V_read_3, 12" [firmware/nnet_utils/nnet_conv_stream.h:216]   --->   Operation 69 'insertvalue' 'newret12' <Predicate = true> <Delay = 0.00>
ST_1 : Operation 70 [1/1] (0.00ns)   --->   "%newret13 = insertvalue { i4, i4, i4, i4, i4, i4, i4, i4, i4, i4, i4, i4, i4, i4, i4, i4, i4, i4, i4, i4, i4, i4, i4, i4, i4, i4, i4, i4, i4, i4, i4, i4, i4, i4, i4, i4, i4, i4, i4, i4, i4, i4, i4, i4, i4, i4, i4, i4, i4, i4, i4, i4 } %newret12, i4 %kernel_window_19_V_read_3, 13" [firmware/nnet_utils/nnet_conv_stream.h:216]   --->   Operation 70 'insertvalue' 'newret13' <Predicate = true> <Delay = 0.00>
ST_1 : Operation 71 [1/1] (0.00ns)   --->   "%newret14 = insertvalue { i4, i4, i4, i4, i4, i4, i4, i4, i4, i4, i4, i4, i4, i4, i4, i4, i4, i4, i4, i4, i4, i4, i4, i4, i4, i4, i4, i4, i4, i4, i4, i4, i4, i4, i4, i4, i4, i4, i4, i4, i4, i4, i4, i4, i4, i4, i4, i4, i4, i4, i4, i4 } %newret13, i4 %kernel_window_20_V_read_3, 14" [firmware/nnet_utils/nnet_conv_stream.h:216]   --->   Operation 71 'insertvalue' 'newret14' <Predicate = true> <Delay = 0.00>
ST_1 : Operation 72 [1/1] (0.00ns)   --->   "%newret15 = insertvalue { i4, i4, i4, i4, i4, i4, i4, i4, i4, i4, i4, i4, i4, i4, i4, i4, i4, i4, i4, i4, i4, i4, i4, i4, i4, i4, i4, i4, i4, i4, i4, i4, i4, i4, i4, i4, i4, i4, i4, i4, i4, i4, i4, i4, i4, i4, i4, i4, i4, i4, i4, i4 } %newret14, i4 %kernel_window_21_V_read_3, 15" [firmware/nnet_utils/nnet_conv_stream.h:216]   --->   Operation 72 'insertvalue' 'newret15' <Predicate = true> <Delay = 0.00>
ST_1 : Operation 73 [1/1] (0.00ns)   --->   "%newret16 = insertvalue { i4, i4, i4, i4, i4, i4, i4, i4, i4, i4, i4, i4, i4, i4, i4, i4, i4, i4, i4, i4, i4, i4, i4, i4, i4, i4, i4, i4, i4, i4, i4, i4, i4, i4, i4, i4, i4, i4, i4, i4, i4, i4, i4, i4, i4, i4, i4, i4, i4, i4, i4, i4 } %newret15, i4 %kernel_window_22_V_read_3, 16" [firmware/nnet_utils/nnet_conv_stream.h:216]   --->   Operation 73 'insertvalue' 'newret16' <Predicate = true> <Delay = 0.00>
ST_1 : Operation 74 [1/1] (0.00ns)   --->   "%newret17 = insertvalue { i4, i4, i4, i4, i4, i4, i4, i4, i4, i4, i4, i4, i4, i4, i4, i4, i4, i4, i4, i4, i4, i4, i4, i4, i4, i4, i4, i4, i4, i4, i4, i4, i4, i4, i4, i4, i4, i4, i4, i4, i4, i4, i4, i4, i4, i4, i4, i4, i4, i4, i4, i4 } %newret16, i4 %kernel_window_23_V_read_3, 17" [firmware/nnet_utils/nnet_conv_stream.h:216]   --->   Operation 74 'insertvalue' 'newret17' <Predicate = true> <Delay = 0.00>
ST_1 : Operation 75 [1/1] (0.00ns)   --->   "%newret18 = insertvalue { i4, i4, i4, i4, i4, i4, i4, i4, i4, i4, i4, i4, i4, i4, i4, i4, i4, i4, i4, i4, i4, i4, i4, i4, i4, i4, i4, i4, i4, i4, i4, i4, i4, i4, i4, i4, i4, i4, i4, i4, i4, i4, i4, i4, i4, i4, i4, i4, i4, i4, i4, i4 } %newret17, i4 %DataOut_V_77, 18" [firmware/nnet_utils/nnet_conv_stream.h:216]   --->   Operation 75 'insertvalue' 'newret18' <Predicate = true> <Delay = 0.00>
ST_1 : Operation 76 [1/1] (0.00ns)   --->   "%newret19 = insertvalue { i4, i4, i4, i4, i4, i4, i4, i4, i4, i4, i4, i4, i4, i4, i4, i4, i4, i4, i4, i4, i4, i4, i4, i4, i4, i4, i4, i4, i4, i4, i4, i4, i4, i4, i4, i4, i4, i4, i4, i4, i4, i4, i4, i4, i4, i4, i4, i4, i4, i4, i4, i4 } %newret18, i4 %DataOut_V_79, 19" [firmware/nnet_utils/nnet_conv_stream.h:216]   --->   Operation 76 'insertvalue' 'newret19' <Predicate = true> <Delay = 0.00>
ST_1 : Operation 77 [1/1] (0.00ns)   --->   "%newret20 = insertvalue { i4, i4, i4, i4, i4, i4, i4, i4, i4, i4, i4, i4, i4, i4, i4, i4, i4, i4, i4, i4, i4, i4, i4, i4, i4, i4, i4, i4, i4, i4, i4, i4, i4, i4, i4, i4, i4, i4, i4, i4, i4, i4, i4, i4, i4, i4, i4, i4, i4, i4, i4, i4 } %newret19, i4 %DataOut_V_81, 20" [firmware/nnet_utils/nnet_conv_stream.h:216]   --->   Operation 77 'insertvalue' 'newret20' <Predicate = true> <Delay = 0.00>
ST_1 : Operation 78 [1/1] (0.00ns)   --->   "%newret21 = insertvalue { i4, i4, i4, i4, i4, i4, i4, i4, i4, i4, i4, i4, i4, i4, i4, i4, i4, i4, i4, i4, i4, i4, i4, i4, i4, i4, i4, i4, i4, i4, i4, i4, i4, i4, i4, i4, i4, i4, i4, i4, i4, i4, i4, i4, i4, i4, i4, i4, i4, i4, i4, i4 } %newret20, i4 %DataOut_V_83, 21" [firmware/nnet_utils/nnet_conv_stream.h:216]   --->   Operation 78 'insertvalue' 'newret21' <Predicate = true> <Delay = 0.00>
ST_1 : Operation 79 [1/1] (0.00ns)   --->   "%newret22 = insertvalue { i4, i4, i4, i4, i4, i4, i4, i4, i4, i4, i4, i4, i4, i4, i4, i4, i4, i4, i4, i4, i4, i4, i4, i4, i4, i4, i4, i4, i4, i4, i4, i4, i4, i4, i4, i4, i4, i4, i4, i4, i4, i4, i4, i4, i4, i4, i4, i4, i4, i4, i4, i4 } %newret21, i4 %DataOut_V_85, 22" [firmware/nnet_utils/nnet_conv_stream.h:216]   --->   Operation 79 'insertvalue' 'newret22' <Predicate = true> <Delay = 0.00>
ST_1 : Operation 80 [1/1] (0.00ns)   --->   "%newret23 = insertvalue { i4, i4, i4, i4, i4, i4, i4, i4, i4, i4, i4, i4, i4, i4, i4, i4, i4, i4, i4, i4, i4, i4, i4, i4, i4, i4, i4, i4, i4, i4, i4, i4, i4, i4, i4, i4, i4, i4, i4, i4, i4, i4, i4, i4, i4, i4, i4, i4, i4, i4, i4, i4 } %newret22, i4 %DataOut_V_87, 23" [firmware/nnet_utils/nnet_conv_stream.h:216]   --->   Operation 80 'insertvalue' 'newret23' <Predicate = true> <Delay = 0.00>
ST_1 : Operation 81 [1/1] (0.00ns)   --->   "%newret24 = insertvalue { i4, i4, i4, i4, i4, i4, i4, i4, i4, i4, i4, i4, i4, i4, i4, i4, i4, i4, i4, i4, i4, i4, i4, i4, i4, i4, i4, i4, i4, i4, i4, i4, i4, i4, i4, i4, i4, i4, i4, i4, i4, i4, i4, i4, i4, i4, i4, i4, i4, i4, i4, i4 } %newret23, i4 %DataOut_V, 24" [firmware/nnet_utils/nnet_conv_stream.h:216]   --->   Operation 81 'insertvalue' 'newret24' <Predicate = true> <Delay = 0.00>
ST_1 : Operation 82 [1/1] (0.00ns)   --->   "%newret25 = insertvalue { i4, i4, i4, i4, i4, i4, i4, i4, i4, i4, i4, i4, i4, i4, i4, i4, i4, i4, i4, i4, i4, i4, i4, i4, i4, i4, i4, i4, i4, i4, i4, i4, i4, i4, i4, i4, i4, i4, i4, i4, i4, i4, i4, i4, i4, i4, i4, i4, i4, i4, i4, i4 } %newret24, i4 %kernel_window_40_V_read_3, 25" [firmware/nnet_utils/nnet_conv_stream.h:216]   --->   Operation 82 'insertvalue' 'newret25' <Predicate = true> <Delay = 0.00>
ST_1 : Operation 83 [1/1] (0.00ns)   --->   "%newret26 = insertvalue { i4, i4, i4, i4, i4, i4, i4, i4, i4, i4, i4, i4, i4, i4, i4, i4, i4, i4, i4, i4, i4, i4, i4, i4, i4, i4, i4, i4, i4, i4, i4, i4, i4, i4, i4, i4, i4, i4, i4, i4, i4, i4, i4, i4, i4, i4, i4, i4, i4, i4, i4, i4 } %newret25, i4 %kernel_window_41_V_read_3, 26" [firmware/nnet_utils/nnet_conv_stream.h:216]   --->   Operation 83 'insertvalue' 'newret26' <Predicate = true> <Delay = 0.00>
ST_1 : Operation 84 [1/1] (0.00ns)   --->   "%newret27 = insertvalue { i4, i4, i4, i4, i4, i4, i4, i4, i4, i4, i4, i4, i4, i4, i4, i4, i4, i4, i4, i4, i4, i4, i4, i4, i4, i4, i4, i4, i4, i4, i4, i4, i4, i4, i4, i4, i4, i4, i4, i4, i4, i4, i4, i4, i4, i4, i4, i4, i4, i4, i4, i4 } %newret26, i4 %kernel_window_42_V_read_3, 27" [firmware/nnet_utils/nnet_conv_stream.h:216]   --->   Operation 84 'insertvalue' 'newret27' <Predicate = true> <Delay = 0.00>
ST_1 : Operation 85 [1/1] (0.00ns)   --->   "%newret28 = insertvalue { i4, i4, i4, i4, i4, i4, i4, i4, i4, i4, i4, i4, i4, i4, i4, i4, i4, i4, i4, i4, i4, i4, i4, i4, i4, i4, i4, i4, i4, i4, i4, i4, i4, i4, i4, i4, i4, i4, i4, i4, i4, i4, i4, i4, i4, i4, i4, i4, i4, i4, i4, i4 } %newret27, i4 %kernel_window_43_V_read_3, 28" [firmware/nnet_utils/nnet_conv_stream.h:216]   --->   Operation 85 'insertvalue' 'newret28' <Predicate = true> <Delay = 0.00>
ST_1 : Operation 86 [1/1] (0.00ns)   --->   "%newret29 = insertvalue { i4, i4, i4, i4, i4, i4, i4, i4, i4, i4, i4, i4, i4, i4, i4, i4, i4, i4, i4, i4, i4, i4, i4, i4, i4, i4, i4, i4, i4, i4, i4, i4, i4, i4, i4, i4, i4, i4, i4, i4, i4, i4, i4, i4, i4, i4, i4, i4, i4, i4, i4, i4 } %newret28, i4 %kernel_window_46_V_read_3, 29" [firmware/nnet_utils/nnet_conv_stream.h:216]   --->   Operation 86 'insertvalue' 'newret29' <Predicate = true> <Delay = 0.00>
ST_1 : Operation 87 [1/1] (0.00ns)   --->   "%newret30 = insertvalue { i4, i4, i4, i4, i4, i4, i4, i4, i4, i4, i4, i4, i4, i4, i4, i4, i4, i4, i4, i4, i4, i4, i4, i4, i4, i4, i4, i4, i4, i4, i4, i4, i4, i4, i4, i4, i4, i4, i4, i4, i4, i4, i4, i4, i4, i4, i4, i4, i4, i4, i4, i4 } %newret29, i4 %kernel_window_47_V_read_3, 30" [firmware/nnet_utils/nnet_conv_stream.h:216]   --->   Operation 87 'insertvalue' 'newret30' <Predicate = true> <Delay = 0.00>
ST_1 : Operation 88 [1/1] (0.00ns)   --->   "%newret31 = insertvalue { i4, i4, i4, i4, i4, i4, i4, i4, i4, i4, i4, i4, i4, i4, i4, i4, i4, i4, i4, i4, i4, i4, i4, i4, i4, i4, i4, i4, i4, i4, i4, i4, i4, i4, i4, i4, i4, i4, i4, i4, i4, i4, i4, i4, i4, i4, i4, i4, i4, i4, i4, i4 } %newret30, i4 %DataOut_V_75, 31" [firmware/nnet_utils/nnet_conv_stream.h:216]   --->   Operation 88 'insertvalue' 'newret31' <Predicate = true> <Delay = 0.00>
ST_1 : Operation 89 [1/1] (0.00ns)   --->   "%newret32 = insertvalue { i4, i4, i4, i4, i4, i4, i4, i4, i4, i4, i4, i4, i4, i4, i4, i4, i4, i4, i4, i4, i4, i4, i4, i4, i4, i4, i4, i4, i4, i4, i4, i4, i4, i4, i4, i4, i4, i4, i4, i4, i4, i4, i4, i4, i4, i4, i4, i4, i4, i4, i4, i4 } %newret31, i4 %DataOut_V_76, 32" [firmware/nnet_utils/nnet_conv_stream.h:216]   --->   Operation 89 'insertvalue' 'newret32' <Predicate = true> <Delay = 0.00>
ST_1 : Operation 90 [1/1] (0.00ns)   --->   "%newret33 = insertvalue { i4, i4, i4, i4, i4, i4, i4, i4, i4, i4, i4, i4, i4, i4, i4, i4, i4, i4, i4, i4, i4, i4, i4, i4, i4, i4, i4, i4, i4, i4, i4, i4, i4, i4, i4, i4, i4, i4, i4, i4, i4, i4, i4, i4, i4, i4, i4, i4, i4, i4, i4, i4 } %newret32, i4 %DataOut_V_78, 33" [firmware/nnet_utils/nnet_conv_stream.h:216]   --->   Operation 90 'insertvalue' 'newret33' <Predicate = true> <Delay = 0.00>
ST_1 : Operation 91 [1/1] (0.00ns)   --->   "%newret34 = insertvalue { i4, i4, i4, i4, i4, i4, i4, i4, i4, i4, i4, i4, i4, i4, i4, i4, i4, i4, i4, i4, i4, i4, i4, i4, i4, i4, i4, i4, i4, i4, i4, i4, i4, i4, i4, i4, i4, i4, i4, i4, i4, i4, i4, i4, i4, i4, i4, i4, i4, i4, i4, i4 } %newret33, i4 %DataOut_V_80, 34" [firmware/nnet_utils/nnet_conv_stream.h:216]   --->   Operation 91 'insertvalue' 'newret34' <Predicate = true> <Delay = 0.00>
ST_1 : Operation 92 [1/1] (0.00ns)   --->   "%newret35 = insertvalue { i4, i4, i4, i4, i4, i4, i4, i4, i4, i4, i4, i4, i4, i4, i4, i4, i4, i4, i4, i4, i4, i4, i4, i4, i4, i4, i4, i4, i4, i4, i4, i4, i4, i4, i4, i4, i4, i4, i4, i4, i4, i4, i4, i4, i4, i4, i4, i4, i4, i4, i4, i4 } %newret34, i4 %DataOut_V_82, 35" [firmware/nnet_utils/nnet_conv_stream.h:216]   --->   Operation 92 'insertvalue' 'newret35' <Predicate = true> <Delay = 0.00>
ST_1 : Operation 93 [1/1] (0.00ns)   --->   "%newret36 = insertvalue { i4, i4, i4, i4, i4, i4, i4, i4, i4, i4, i4, i4, i4, i4, i4, i4, i4, i4, i4, i4, i4, i4, i4, i4, i4, i4, i4, i4, i4, i4, i4, i4, i4, i4, i4, i4, i4, i4, i4, i4, i4, i4, i4, i4, i4, i4, i4, i4, i4, i4, i4, i4 } %newret35, i4 %DataOut_V_84, 36" [firmware/nnet_utils/nnet_conv_stream.h:216]   --->   Operation 93 'insertvalue' 'newret36' <Predicate = true> <Delay = 0.00>
ST_1 : Operation 94 [1/1] (0.00ns)   --->   "%newret37 = insertvalue { i4, i4, i4, i4, i4, i4, i4, i4, i4, i4, i4, i4, i4, i4, i4, i4, i4, i4, i4, i4, i4, i4, i4, i4, i4, i4, i4, i4, i4, i4, i4, i4, i4, i4, i4, i4, i4, i4, i4, i4, i4, i4, i4, i4, i4, i4, i4, i4, i4, i4, i4, i4 } %newret36, i4 %DataOut_V_86, 37" [firmware/nnet_utils/nnet_conv_stream.h:216]   --->   Operation 94 'insertvalue' 'newret37' <Predicate = true> <Delay = 0.00>
ST_1 : Operation 95 [1/1] (0.00ns)   --->   "%newret38 = insertvalue { i4, i4, i4, i4, i4, i4, i4, i4, i4, i4, i4, i4, i4, i4, i4, i4, i4, i4, i4, i4, i4, i4, i4, i4, i4, i4, i4, i4, i4, i4, i4, i4, i4, i4, i4, i4, i4, i4, i4, i4, i4, i4, i4, i4, i4, i4, i4, i4, i4, i4, i4, i4 } %newret37, i4 %DataOut_V_88, 38" [firmware/nnet_utils/nnet_conv_stream.h:216]   --->   Operation 95 'insertvalue' 'newret38' <Predicate = true> <Delay = 0.00>
ST_1 : Operation 96 [1/1] (0.00ns)   --->   "%newret39 = insertvalue { i4, i4, i4, i4, i4, i4, i4, i4, i4, i4, i4, i4, i4, i4, i4, i4, i4, i4, i4, i4, i4, i4, i4, i4, i4, i4, i4, i4, i4, i4, i4, i4, i4, i4, i4, i4, i4, i4, i4, i4, i4, i4, i4, i4, i4, i4, i4, i4, i4, i4, i4, i4 } %newret38, i4 %kernel_window_64_V_read_3, 39" [firmware/nnet_utils/nnet_conv_stream.h:216]   --->   Operation 96 'insertvalue' 'newret39' <Predicate = true> <Delay = 0.00>
ST_1 : Operation 97 [1/1] (0.00ns)   --->   "%newret40 = insertvalue { i4, i4, i4, i4, i4, i4, i4, i4, i4, i4, i4, i4, i4, i4, i4, i4, i4, i4, i4, i4, i4, i4, i4, i4, i4, i4, i4, i4, i4, i4, i4, i4, i4, i4, i4, i4, i4, i4, i4, i4, i4, i4, i4, i4, i4, i4, i4, i4, i4, i4, i4, i4 } %newret39, i4 %kernel_window_65_V_read_3, 40" [firmware/nnet_utils/nnet_conv_stream.h:216]   --->   Operation 97 'insertvalue' 'newret40' <Predicate = true> <Delay = 0.00>
ST_1 : Operation 98 [1/1] (0.00ns)   --->   "%newret41 = insertvalue { i4, i4, i4, i4, i4, i4, i4, i4, i4, i4, i4, i4, i4, i4, i4, i4, i4, i4, i4, i4, i4, i4, i4, i4, i4, i4, i4, i4, i4, i4, i4, i4, i4, i4, i4, i4, i4, i4, i4, i4, i4, i4, i4, i4, i4, i4, i4, i4, i4, i4, i4, i4 } %newret40, i4 %kernel_window_66_V_read_3, 41" [firmware/nnet_utils/nnet_conv_stream.h:216]   --->   Operation 98 'insertvalue' 'newret41' <Predicate = true> <Delay = 0.00>
ST_1 : Operation 99 [1/1] (0.00ns)   --->   "%newret42 = insertvalue { i4, i4, i4, i4, i4, i4, i4, i4, i4, i4, i4, i4, i4, i4, i4, i4, i4, i4, i4, i4, i4, i4, i4, i4, i4, i4, i4, i4, i4, i4, i4, i4, i4, i4, i4, i4, i4, i4, i4, i4, i4, i4, i4, i4, i4, i4, i4, i4, i4, i4, i4, i4 } %newret41, i4 %kernel_window_68_V_read_3, 42" [firmware/nnet_utils/nnet_conv_stream.h:216]   --->   Operation 99 'insertvalue' 'newret42' <Predicate = true> <Delay = 0.00>
ST_1 : Operation 100 [1/1] (0.00ns)   --->   "%newret43 = insertvalue { i4, i4, i4, i4, i4, i4, i4, i4, i4, i4, i4, i4, i4, i4, i4, i4, i4, i4, i4, i4, i4, i4, i4, i4, i4, i4, i4, i4, i4, i4, i4, i4, i4, i4, i4, i4, i4, i4, i4, i4, i4, i4, i4, i4, i4, i4, i4, i4, i4, i4, i4, i4 } %newret42, i4 %kernel_window_70_V_read_3, 43" [firmware/nnet_utils/nnet_conv_stream.h:216]   --->   Operation 100 'insertvalue' 'newret43' <Predicate = true> <Delay = 0.00>
ST_1 : Operation 101 [1/1] (0.00ns)   --->   "%newret44 = insertvalue { i4, i4, i4, i4, i4, i4, i4, i4, i4, i4, i4, i4, i4, i4, i4, i4, i4, i4, i4, i4, i4, i4, i4, i4, i4, i4, i4, i4, i4, i4, i4, i4, i4, i4, i4, i4, i4, i4, i4, i4, i4, i4, i4, i4, i4, i4, i4, i4, i4, i4, i4, i4 } %newret43, i4 %kernel_window_71_V_read_3, 44" [firmware/nnet_utils/nnet_conv_stream.h:216]   --->   Operation 101 'insertvalue' 'newret44' <Predicate = true> <Delay = 0.00>
ST_1 : Operation 102 [1/1] (0.00ns)   --->   "%newret45 = insertvalue { i4, i4, i4, i4, i4, i4, i4, i4, i4, i4, i4, i4, i4, i4, i4, i4, i4, i4, i4, i4, i4, i4, i4, i4, i4, i4, i4, i4, i4, i4, i4, i4, i4, i4, i4, i4, i4, i4, i4, i4, i4, i4, i4, i4, i4, i4, i4, i4, i4, i4, i4, i4 } %newret44, i4 %in_elem_data_0_V_read_3, 45" [firmware/nnet_utils/nnet_conv_stream.h:216]   --->   Operation 102 'insertvalue' 'newret45' <Predicate = true> <Delay = 0.00>
ST_1 : Operation 103 [1/1] (0.00ns)   --->   "%newret46 = insertvalue { i4, i4, i4, i4, i4, i4, i4, i4, i4, i4, i4, i4, i4, i4, i4, i4, i4, i4, i4, i4, i4, i4, i4, i4, i4, i4, i4, i4, i4, i4, i4, i4, i4, i4, i4, i4, i4, i4, i4, i4, i4, i4, i4, i4, i4, i4, i4, i4, i4, i4, i4, i4 } %newret45, i4 %in_elem_data_1_V_read_3, 46" [firmware/nnet_utils/nnet_conv_stream.h:216]   --->   Operation 103 'insertvalue' 'newret46' <Predicate = true> <Delay = 0.00>
ST_1 : Operation 104 [1/1] (0.00ns)   --->   "%newret47 = insertvalue { i4, i4, i4, i4, i4, i4, i4, i4, i4, i4, i4, i4, i4, i4, i4, i4, i4, i4, i4, i4, i4, i4, i4, i4, i4, i4, i4, i4, i4, i4, i4, i4, i4, i4, i4, i4, i4, i4, i4, i4, i4, i4, i4, i4, i4, i4, i4, i4, i4, i4, i4, i4 } %newret46, i4 %in_elem_data_2_V_read_3, 47" [firmware/nnet_utils/nnet_conv_stream.h:216]   --->   Operation 104 'insertvalue' 'newret47' <Predicate = true> <Delay = 0.00>
ST_1 : Operation 105 [1/1] (0.00ns)   --->   "%newret48 = insertvalue { i4, i4, i4, i4, i4, i4, i4, i4, i4, i4, i4, i4, i4, i4, i4, i4, i4, i4, i4, i4, i4, i4, i4, i4, i4, i4, i4, i4, i4, i4, i4, i4, i4, i4, i4, i4, i4, i4, i4, i4, i4, i4, i4, i4, i4, i4, i4, i4, i4, i4, i4, i4 } %newret47, i4 %in_elem_data_4_V_read_3, 48" [firmware/nnet_utils/nnet_conv_stream.h:216]   --->   Operation 105 'insertvalue' 'newret48' <Predicate = true> <Delay = 0.00>
ST_1 : Operation 106 [1/1] (0.00ns)   --->   "%newret49 = insertvalue { i4, i4, i4, i4, i4, i4, i4, i4, i4, i4, i4, i4, i4, i4, i4, i4, i4, i4, i4, i4, i4, i4, i4, i4, i4, i4, i4, i4, i4, i4, i4, i4, i4, i4, i4, i4, i4, i4, i4, i4, i4, i4, i4, i4, i4, i4, i4, i4, i4, i4, i4, i4 } %newret48, i4 %in_elem_data_5_V_read_3, 49" [firmware/nnet_utils/nnet_conv_stream.h:216]   --->   Operation 106 'insertvalue' 'newret49' <Predicate = true> <Delay = 0.00>
ST_1 : Operation 107 [1/1] (0.00ns)   --->   "%newret50 = insertvalue { i4, i4, i4, i4, i4, i4, i4, i4, i4, i4, i4, i4, i4, i4, i4, i4, i4, i4, i4, i4, i4, i4, i4, i4, i4, i4, i4, i4, i4, i4, i4, i4, i4, i4, i4, i4, i4, i4, i4, i4, i4, i4, i4, i4, i4, i4, i4, i4, i4, i4, i4, i4 } %newret49, i4 %in_elem_data_6_V_read_3, 50" [firmware/nnet_utils/nnet_conv_stream.h:216]   --->   Operation 107 'insertvalue' 'newret50' <Predicate = true> <Delay = 0.00>
ST_1 : Operation 108 [1/1] (0.00ns)   --->   "%newret51 = insertvalue { i4, i4, i4, i4, i4, i4, i4, i4, i4, i4, i4, i4, i4, i4, i4, i4, i4, i4, i4, i4, i4, i4, i4, i4, i4, i4, i4, i4, i4, i4, i4, i4, i4, i4, i4, i4, i4, i4, i4, i4, i4, i4, i4, i4, i4, i4, i4, i4, i4, i4, i4, i4 } %newret50, i4 %in_elem_data_7_V_read_3, 51" [firmware/nnet_utils/nnet_conv_stream.h:216]   --->   Operation 108 'insertvalue' 'newret51' <Predicate = true> <Delay = 0.00>
ST_1 : Operation 109 [1/1] (0.00ns)   --->   "ret { i4, i4, i4, i4, i4, i4, i4, i4, i4, i4, i4, i4, i4, i4, i4, i4, i4, i4, i4, i4, i4, i4, i4, i4, i4, i4, i4, i4, i4, i4, i4, i4, i4, i4, i4, i4, i4, i4, i4, i4, i4, i4, i4, i4, i4, i4, i4, i4, i4, i4, i4, i4 } %newret51" [firmware/nnet_utils/nnet_conv_stream.h:216]   --->   Operation 109 'ret' <Predicate = true> <Delay = 0.00>


============================================================
+ Verbose Summary: Timing violations
============================================================
Target clock period: 5ns, clock uncertainty: 0.625ns.

 <State 1>: 3.25ns
The critical path consists of the following:
	wire read on port 'in_elem_data_7_V_read' (firmware/nnet_utils/nnet_conv_stream.h:216) [69]  (0 ns)
	'memshiftread' operation ('DataOut.V', firmware/nnet_utils/nnet_conv_stream.h:241) [92]  (1.62 ns)
	'memshiftread' operation ('DataOut.V', firmware/nnet_utils/nnet_conv_stream.h:241) [93]  (1.62 ns)


============================================================
+ Verbose Summary: Binding
============================================================
N/A
* FSMD analyzer results:
  - Output states:
 - Input state : 
  - Chain level:
	State 1


============================================================
+ Verbose Summary: Datapath Resource usage 
============================================================
N/A
