

================================================================
== Vivado HLS Report for 'dense_resource_rf_gt_nin_rem0_0_0_0_0_0_0_0_0_0_1'
================================================================
* Date:           Fri Jun 27 09:42:57 2025

* Version:        2020.1 (Build 2897737 on Wed May 27 20:21:37 MDT 2020)
* Project:        myproject_prj
* Solution:       solution1
* Product family: zynq
* Target device:  xc7z020-clg400-1


================================================================
== Performance Estimates
================================================================
+ Timing: 
    * Summary: 
    +--------+---------+----------+------------+
    |  Clock |  Target | Estimated| Uncertainty|
    +--------+---------+----------+------------+
    |ap_clk  | 5.00 ns | 6.325 ns |   0.62 ns  |
    +--------+---------+----------+------------+

+ Latency: 
    * Summary: 
    +---------+---------+----------+----------+------+------+---------------------------------------------+
    |  Latency (cycles) |  Latency (absolute) |   Interval  |                   Pipeline                  |
    |   min   |   max   |    min   |    max   |  min |  max |                     Type                    |
    +---------+---------+----------+----------+------+------+---------------------------------------------+
    |     1157|     1158| 7.318 us | 7.324 us |  1152|  1152| loop rewind(delay=0 initiation interval(s)) |
    +---------+---------+----------+----------+------+------+---------------------------------------------+

    + Detail: 
        * Instance: 
        N/A

        * Loop: 
        +-------------+---------+---------+----------+-----------+-----------+------+----------+
        |             |  Latency (cycles) | Iteration|  Initiation Interval  | Trip |          |
        |  Loop Name  |   min   |   max   |  Latency |  achieved |   target  | Count| Pipelined|
        +-------------+---------+---------+----------+-----------+-----------+------+----------+
        |- ReuseLoop  |     1157|     1157|         7|          1|          1|  1152|    yes   |
        +-------------+---------+---------+----------+-----------+-----------+------+----------+



================================================================
== Utilization Estimates
================================================================
* Summary: 
+-----------------+---------+-------+--------+-------+-----+
|       Name      | BRAM_18K| DSP48E|   FF   |  LUT  | URAM|
+-----------------+---------+-------+--------+-------+-----+
|DSP              |        -|      1|       -|      -|    -|
|Expression       |        -|      -|       0|    142|    -|
|FIFO             |        -|      -|       -|      -|    -|
|Instance         |        -|      -|       0|    674|    -|
|Memory           |        3|      -|       0|      0|    -|
|Multiplexer      |        -|      -|       -|    909|    -|
|Register         |        0|      -|    2217|     64|    -|
+-----------------+---------+-------+--------+-------+-----+
|Total            |        3|      1|    2217|   1789|    0|
+-----------------+---------+-------+--------+-------+-----+
|Available        |      280|    220|  106400|  53200|    0|
+-----------------+---------+-------+--------+-------+-----+
|Utilization (%)  |        1|   ~0  |       2|      3|    0|
+-----------------+---------+-------+--------+-------+-----+

+ Detail: 
    * Instance: 
    +------------------------------------+-------------------------------+---------+-------+---+-----+-----+
    |              Instance              |             Module            | BRAM_18K| DSP48E| FF| LUT | URAM|
    +------------------------------------+-------------------------------+---------+-------+---+-----+-----+
    |myproject_axi_mux_1448_16_1_1_U665  |myproject_axi_mux_1448_16_1_1  |        0|      0|  0|  337|    0|
    |myproject_axi_mux_83_16_1_1_U666    |myproject_axi_mux_83_16_1_1    |        0|      0|  0|  337|    0|
    +------------------------------------+-------------------------------+---------+-------+---+-----+-----+
    |Total                               |                               |        0|      0|  0|  674|    0|
    +------------------------------------+-------------------------------+---------+-------+---+-----+-----+

    * DSP48E: 
    +-------------------------------------------+--------------------------------------+-----------+
    |                  Instance                 |                Module                | Expression|
    +-------------------------------------------+--------------------------------------+-----------+
    |myproject_axi_mul_mul_12s_16s_26_3_1_U667  |myproject_axi_mul_mul_12s_16s_26_3_1  |  i0 * i1  |
    +-------------------------------------------+--------------------------------------+-----------+

    * Memory: 
    +-----------+-----------------------------------------------------------+---------+---+----+-----+------+-----+------+-------------+
    |   Memory  |                           Module                          | BRAM_18K| FF| LUT| URAM| Words| Bits| Banks| W*Bits*Banks|
    +-----------+-----------------------------------------------------------+---------+---+----+-----+------+-----+------+-------------+
    |outidx2_U  |dense_resource_rf_gt_nin_rem0_0_0_0_0_0_0_0_0_0_1_outidx2  |        1|  0|   0|    0|  1152|    3|     1|         3456|
    |w10_V_U    |dense_resource_rf_gt_nin_rem0_0_0_0_0_0_0_0_0_0_1_w10_V    |        2|  0|   0|    0|  1152|   12|     1|        13824|
    +-----------+-----------------------------------------------------------+---------+---+----+-----+------+-----+------+-------------+
    |Total      |                                                           |        3|  0|   0|    0|  2304|   15|     2|        17280|
    +-----------+-----------------------------------------------------------+---------+---+----+-----+------+-----+------+-------------+

    * FIFO: 
    N/A

    * Expression: 
    +-------------------------+----------+-------+---+----+------------+------------+
    |      Variable Name      | Operation| DSP48E| FF| LUT| Bitwidth P0| Bitwidth P1|
    +-------------------------+----------+-------+---+----+------------+------------+
    |acc_0_V_fu_2113_p2       |     +    |      0|  0|  23|          16|          16|
    |in_index_fu_1179_p2      |     +    |      0|  0|  39|          32|           1|
    |w_index_fu_1173_p2       |     +    |      0|  0|  13|           1|          11|
    |ap_condition_342         |    and   |      0|  0|   2|           1|           1|
    |icmp_ln135_fu_1191_p2    |   icmp   |      0|  0|  13|          11|          11|
    |icmp_ln154_fu_1185_p2    |   icmp   |      0|  0|  18|          32|           8|
    |select_ln154_fu_2071_p3  |  select  |      0|  0|  32|           1|           1|
    |ap_enable_pp0            |    xor   |      0|  0|   2|           1|           2|
    +-------------------------+----------+-------+---+----+------------+------------+
    |Total                    |          |      0|  0| 142|          95|          51|
    +-------------------------+----------+-------+---+----+------------+------------+

    * Multiplexer: 
    +-------------------------------------------------+----+-----------+-----+-----------+
    |                       Name                      | LUT| Input Size| Bits| Total Bits|
    +-------------------------------------------------+----+-----------+-----+-----------+
    |acc_0_V_024_reg_567                              |   9|          2|   16|         32|
    |acc_1_V_023_reg_582                              |   9|          2|   16|         32|
    |acc_2_V_022_reg_597                              |   9|          2|   16|         32|
    |acc_3_V_021_reg_612                              |   9|          2|   16|         32|
    |acc_4_V_020_reg_627                              |   9|          2|   16|         32|
    |acc_5_V_019_reg_642                              |   9|          2|   16|         32|
    |acc_6_V_018_reg_657                              |   9|          2|   16|         32|
    |acc_7_V_017_reg_672                              |   9|          2|   16|         32|
    |ap_NS_fsm                                        |  15|          3|    1|          3|
    |ap_enable_reg_pp0_iter1                          |   9|          2|    1|          2|
    |ap_enable_reg_pp0_iter6                          |   9|          2|    1|          2|
    |ap_phi_mux_acc_0_V_024_phi_fu_571_p6             |  15|          3|   16|         48|
    |ap_phi_mux_acc_0_V_1_phi_fu_901_p16              |   9|          2|   16|         32|
    |ap_phi_mux_acc_1_V_023_phi_fu_586_p6             |  15|          3|   16|         48|
    |ap_phi_mux_acc_1_V_1_phi_fu_871_p16              |   9|          2|   16|         32|
    |ap_phi_mux_acc_2_V_022_phi_fu_601_p6             |  15|          3|   16|         48|
    |ap_phi_mux_acc_2_V_1_phi_fu_841_p16              |   9|          2|   16|         32|
    |ap_phi_mux_acc_3_V_021_phi_fu_616_p6             |  15|          3|   16|         48|
    |ap_phi_mux_acc_3_V_1_phi_fu_811_p16              |   9|          2|   16|         32|
    |ap_phi_mux_acc_4_V_020_phi_fu_631_p6             |  15|          3|   16|         48|
    |ap_phi_mux_acc_4_V_1_phi_fu_781_p16              |   9|          2|   16|         32|
    |ap_phi_mux_acc_5_V_019_phi_fu_646_p6             |  15|          3|   16|         48|
    |ap_phi_mux_acc_5_V_1_phi_fu_751_p16              |   9|          2|   16|         32|
    |ap_phi_mux_acc_6_V_018_phi_fu_661_p6             |  15|          3|   16|         48|
    |ap_phi_mux_acc_6_V_1_phi_fu_721_p16              |   9|          2|   16|         32|
    |ap_phi_mux_acc_7_V_017_phi_fu_676_p6             |  15|          3|   16|         48|
    |ap_phi_mux_acc_7_V_1_phi_fu_691_p16              |   9|          2|   16|         32|
    |ap_phi_mux_in_index_0_i42_phi_fu_406_p6          |  15|          3|   32|         96|
    |ap_phi_mux_p_0_01_i_phi_fu_1141_p16              |   9|          2|   16|         32|
    |ap_phi_mux_p_0_13_i_phi_fu_1111_p16              |   9|          2|   16|         32|
    |ap_phi_mux_p_0_25_i_phi_fu_1081_p16              |   9|          2|   16|         32|
    |ap_phi_mux_p_0_37_i_phi_fu_1051_p16              |   9|          2|   16|         32|
    |ap_phi_mux_p_0_49_i_phi_fu_1021_p16              |   9|          2|   16|         32|
    |ap_phi_mux_p_0_511_i_phi_fu_991_p16              |   9|          2|   16|         32|
    |ap_phi_mux_p_0_613_i_phi_fu_961_p16              |   9|          2|   16|         32|
    |ap_phi_mux_p_0_715_i_phi_fu_931_p16              |   9|          2|   16|         32|
    |ap_phi_mux_res_0_V_write_assign40_phi_fu_451_p6  |  15|          3|   16|         48|
    |ap_phi_mux_res_1_V_write_assign38_phi_fu_466_p6  |  15|          3|   16|         48|
    |ap_phi_mux_res_2_V_write_assign36_phi_fu_481_p6  |  15|          3|   16|         48|
    |ap_phi_mux_res_3_V_write_assign34_phi_fu_496_p6  |  15|          3|   16|         48|
    |ap_phi_mux_res_4_V_write_assign32_phi_fu_511_p6  |  15|          3|   16|         48|
    |ap_phi_mux_res_5_V_write_assign30_phi_fu_526_p6  |  15|          3|   16|         48|
    |ap_phi_mux_res_6_V_write_assign28_phi_fu_541_p6  |  15|          3|   16|         48|
    |ap_phi_mux_res_7_V_write_assign26_phi_fu_556_p6  |  15|          3|   16|         48|
    |ap_phi_mux_w_index41_phi_fu_421_p6               |  15|          3|   11|         33|
    |ap_phi_reg_pp0_iter6_acc_0_V_1_reg_897           |   9|          2|   16|         32|
    |ap_phi_reg_pp0_iter6_acc_1_V_1_reg_867           |  15|          3|   16|         48|
    |ap_phi_reg_pp0_iter6_acc_2_V_1_reg_837           |  15|          3|   16|         48|
    |ap_phi_reg_pp0_iter6_acc_3_V_1_reg_807           |  15|          3|   16|         48|
    |ap_phi_reg_pp0_iter6_acc_4_V_1_reg_777           |  15|          3|   16|         48|
    |ap_phi_reg_pp0_iter6_acc_5_V_1_reg_747           |  15|          3|   16|         48|
    |ap_phi_reg_pp0_iter6_acc_6_V_1_reg_717           |  15|          3|   16|         48|
    |ap_phi_reg_pp0_iter6_acc_7_V_1_reg_687           |  15|          3|   16|         48|
    |ap_phi_reg_pp0_iter6_p_0_01_i_reg_1137           |   9|          2|   16|         32|
    |ap_phi_reg_pp0_iter6_p_0_13_i_reg_1107           |  15|          3|   16|         48|
    |ap_phi_reg_pp0_iter6_p_0_25_i_reg_1077           |  15|          3|   16|         48|
    |ap_phi_reg_pp0_iter6_p_0_37_i_reg_1047           |  15|          3|   16|         48|
    |ap_phi_reg_pp0_iter6_p_0_49_i_reg_1017           |  15|          3|   16|         48|
    |ap_phi_reg_pp0_iter6_p_0_511_i_reg_987           |  15|          3|   16|         48|
    |ap_phi_reg_pp0_iter6_p_0_613_i_reg_957           |  15|          3|   16|         48|
    |ap_phi_reg_pp0_iter6_p_0_715_i_reg_927           |  15|          3|   16|         48|
    |ap_return_0                                      |   9|          2|   16|         32|
    |ap_return_1                                      |   9|          2|   16|         32|
    |ap_return_2                                      |   9|          2|   16|         32|
    |ap_return_3                                      |   9|          2|   16|         32|
    |ap_return_4                                      |   9|          2|   16|         32|
    |ap_return_5                                      |   9|          2|   16|         32|
    |ap_return_6                                      |   9|          2|   16|         32|
    |ap_return_7                                      |   9|          2|   16|         32|
    |in_index_0_i42_reg_402                           |   9|          2|   32|         64|
    |res_0_V_write_assign40_reg_447                   |   9|          2|   16|         32|
    |res_1_V_write_assign38_reg_462                   |   9|          2|   16|         32|
    |res_2_V_write_assign36_reg_477                   |   9|          2|   16|         32|
    |res_3_V_write_assign34_reg_492                   |   9|          2|   16|         32|
    |res_4_V_write_assign32_reg_507                   |   9|          2|   16|         32|
    |res_5_V_write_assign30_reg_522                   |   9|          2|   16|         32|
    |res_6_V_write_assign28_reg_537                   |   9|          2|   16|         32|
    |res_7_V_write_assign26_reg_552                   |   9|          2|   16|         32|
    |w_index41_reg_417                                |   9|          2|   11|         22|
    +-------------------------------------------------+----+-----------+-----+-----------+
    |Total                                            | 909|        191| 1241|       3006|
    +-------------------------------------------------+----+-----------+-----+-----------+

    * Register: 
    +----------------------------------------+----+----+-----+-----------+
    |                  Name                  | FF | LUT| Bits| Const Bits|
    +----------------------------------------+----+----+-----+-----------+
    |acc_0_V_024_reg_567                     |  16|   0|   16|          0|
    |acc_0_V_reg_2241                        |  16|   0|   16|          0|
    |acc_1_V_023_reg_582                     |  16|   0|   16|          0|
    |acc_2_V_022_reg_597                     |  16|   0|   16|          0|
    |acc_3_V_021_reg_612                     |  16|   0|   16|          0|
    |acc_4_V_020_reg_627                     |  16|   0|   16|          0|
    |acc_5_V_019_reg_642                     |  16|   0|   16|          0|
    |acc_6_V_018_reg_657                     |  16|   0|   16|          0|
    |acc_7_V_017_reg_672                     |  16|   0|   16|          0|
    |ap_CS_fsm                               |   2|   0|    2|          0|
    |ap_enable_reg_pp0_iter1                 |   1|   0|    1|          0|
    |ap_enable_reg_pp0_iter2                 |   1|   0|    1|          0|
    |ap_enable_reg_pp0_iter3                 |   1|   0|    1|          0|
    |ap_enable_reg_pp0_iter4                 |   1|   0|    1|          0|
    |ap_enable_reg_pp0_iter5                 |   1|   0|    1|          0|
    |ap_enable_reg_pp0_iter6                 |   1|   0|    1|          0|
    |ap_phi_reg_pp0_iter1_acc_0_V_1_reg_897  |  16|   0|   16|          0|
    |ap_phi_reg_pp0_iter1_acc_1_V_1_reg_867  |  16|   0|   16|          0|
    |ap_phi_reg_pp0_iter1_acc_2_V_1_reg_837  |  16|   0|   16|          0|
    |ap_phi_reg_pp0_iter1_acc_3_V_1_reg_807  |  16|   0|   16|          0|
    |ap_phi_reg_pp0_iter1_acc_4_V_1_reg_777  |  16|   0|   16|          0|
    |ap_phi_reg_pp0_iter1_acc_5_V_1_reg_747  |  16|   0|   16|          0|
    |ap_phi_reg_pp0_iter1_acc_6_V_1_reg_717  |  16|   0|   16|          0|
    |ap_phi_reg_pp0_iter1_acc_7_V_1_reg_687  |  16|   0|   16|          0|
    |ap_phi_reg_pp0_iter1_p_0_01_i_reg_1137  |  16|   0|   16|          0|
    |ap_phi_reg_pp0_iter1_p_0_13_i_reg_1107  |  16|   0|   16|          0|
    |ap_phi_reg_pp0_iter1_p_0_25_i_reg_1077  |  16|   0|   16|          0|
    |ap_phi_reg_pp0_iter1_p_0_37_i_reg_1047  |  16|   0|   16|          0|
    |ap_phi_reg_pp0_iter1_p_0_49_i_reg_1017  |  16|   0|   16|          0|
    |ap_phi_reg_pp0_iter1_p_0_511_i_reg_987  |  16|   0|   16|          0|
    |ap_phi_reg_pp0_iter1_p_0_613_i_reg_957  |  16|   0|   16|          0|
    |ap_phi_reg_pp0_iter1_p_0_715_i_reg_927  |  16|   0|   16|          0|
    |ap_phi_reg_pp0_iter2_acc_0_V_1_reg_897  |  16|   0|   16|          0|
    |ap_phi_reg_pp0_iter2_acc_1_V_1_reg_867  |  16|   0|   16|          0|
    |ap_phi_reg_pp0_iter2_acc_2_V_1_reg_837  |  16|   0|   16|          0|
    |ap_phi_reg_pp0_iter2_acc_3_V_1_reg_807  |  16|   0|   16|          0|
    |ap_phi_reg_pp0_iter2_acc_4_V_1_reg_777  |  16|   0|   16|          0|
    |ap_phi_reg_pp0_iter2_acc_5_V_1_reg_747  |  16|   0|   16|          0|
    |ap_phi_reg_pp0_iter2_acc_6_V_1_reg_717  |  16|   0|   16|          0|
    |ap_phi_reg_pp0_iter2_acc_7_V_1_reg_687  |  16|   0|   16|          0|
    |ap_phi_reg_pp0_iter2_p_0_01_i_reg_1137  |  16|   0|   16|          0|
    |ap_phi_reg_pp0_iter2_p_0_13_i_reg_1107  |  16|   0|   16|          0|
    |ap_phi_reg_pp0_iter2_p_0_25_i_reg_1077  |  16|   0|   16|          0|
    |ap_phi_reg_pp0_iter2_p_0_37_i_reg_1047  |  16|   0|   16|          0|
    |ap_phi_reg_pp0_iter2_p_0_49_i_reg_1017  |  16|   0|   16|          0|
    |ap_phi_reg_pp0_iter2_p_0_511_i_reg_987  |  16|   0|   16|          0|
    |ap_phi_reg_pp0_iter2_p_0_613_i_reg_957  |  16|   0|   16|          0|
    |ap_phi_reg_pp0_iter2_p_0_715_i_reg_927  |  16|   0|   16|          0|
    |ap_phi_reg_pp0_iter3_acc_0_V_1_reg_897  |  16|   0|   16|          0|
    |ap_phi_reg_pp0_iter3_acc_1_V_1_reg_867  |  16|   0|   16|          0|
    |ap_phi_reg_pp0_iter3_acc_2_V_1_reg_837  |  16|   0|   16|          0|
    |ap_phi_reg_pp0_iter3_acc_3_V_1_reg_807  |  16|   0|   16|          0|
    |ap_phi_reg_pp0_iter3_acc_4_V_1_reg_777  |  16|   0|   16|          0|
    |ap_phi_reg_pp0_iter3_acc_5_V_1_reg_747  |  16|   0|   16|          0|
    |ap_phi_reg_pp0_iter3_acc_6_V_1_reg_717  |  16|   0|   16|          0|
    |ap_phi_reg_pp0_iter3_acc_7_V_1_reg_687  |  16|   0|   16|          0|
    |ap_phi_reg_pp0_iter3_p_0_01_i_reg_1137  |  16|   0|   16|          0|
    |ap_phi_reg_pp0_iter3_p_0_13_i_reg_1107  |  16|   0|   16|          0|
    |ap_phi_reg_pp0_iter3_p_0_25_i_reg_1077  |  16|   0|   16|          0|
    |ap_phi_reg_pp0_iter3_p_0_37_i_reg_1047  |  16|   0|   16|          0|
    |ap_phi_reg_pp0_iter3_p_0_49_i_reg_1017  |  16|   0|   16|          0|
    |ap_phi_reg_pp0_iter3_p_0_511_i_reg_987  |  16|   0|   16|          0|
    |ap_phi_reg_pp0_iter3_p_0_613_i_reg_957  |  16|   0|   16|          0|
    |ap_phi_reg_pp0_iter3_p_0_715_i_reg_927  |  16|   0|   16|          0|
    |ap_phi_reg_pp0_iter4_acc_0_V_1_reg_897  |  16|   0|   16|          0|
    |ap_phi_reg_pp0_iter4_acc_1_V_1_reg_867  |  16|   0|   16|          0|
    |ap_phi_reg_pp0_iter4_acc_2_V_1_reg_837  |  16|   0|   16|          0|
    |ap_phi_reg_pp0_iter4_acc_3_V_1_reg_807  |  16|   0|   16|          0|
    |ap_phi_reg_pp0_iter4_acc_4_V_1_reg_777  |  16|   0|   16|          0|
    |ap_phi_reg_pp0_iter4_acc_5_V_1_reg_747  |  16|   0|   16|          0|
    |ap_phi_reg_pp0_iter4_acc_6_V_1_reg_717  |  16|   0|   16|          0|
    |ap_phi_reg_pp0_iter4_acc_7_V_1_reg_687  |  16|   0|   16|          0|
    |ap_phi_reg_pp0_iter4_p_0_01_i_reg_1137  |  16|   0|   16|          0|
    |ap_phi_reg_pp0_iter4_p_0_13_i_reg_1107  |  16|   0|   16|          0|
    |ap_phi_reg_pp0_iter4_p_0_25_i_reg_1077  |  16|   0|   16|          0|
    |ap_phi_reg_pp0_iter4_p_0_37_i_reg_1047  |  16|   0|   16|          0|
    |ap_phi_reg_pp0_iter4_p_0_49_i_reg_1017  |  16|   0|   16|          0|
    |ap_phi_reg_pp0_iter4_p_0_511_i_reg_987  |  16|   0|   16|          0|
    |ap_phi_reg_pp0_iter4_p_0_613_i_reg_957  |  16|   0|   16|          0|
    |ap_phi_reg_pp0_iter4_p_0_715_i_reg_927  |  16|   0|   16|          0|
    |ap_phi_reg_pp0_iter5_acc_0_V_1_reg_897  |  16|   0|   16|          0|
    |ap_phi_reg_pp0_iter5_acc_1_V_1_reg_867  |  16|   0|   16|          0|
    |ap_phi_reg_pp0_iter5_acc_2_V_1_reg_837  |  16|   0|   16|          0|
    |ap_phi_reg_pp0_iter5_acc_3_V_1_reg_807  |  16|   0|   16|          0|
    |ap_phi_reg_pp0_iter5_acc_4_V_1_reg_777  |  16|   0|   16|          0|
    |ap_phi_reg_pp0_iter5_acc_5_V_1_reg_747  |  16|   0|   16|          0|
    |ap_phi_reg_pp0_iter5_acc_6_V_1_reg_717  |  16|   0|   16|          0|
    |ap_phi_reg_pp0_iter5_acc_7_V_1_reg_687  |  16|   0|   16|          0|
    |ap_phi_reg_pp0_iter5_p_0_01_i_reg_1137  |  16|   0|   16|          0|
    |ap_phi_reg_pp0_iter5_p_0_13_i_reg_1107  |  16|   0|   16|          0|
    |ap_phi_reg_pp0_iter5_p_0_25_i_reg_1077  |  16|   0|   16|          0|
    |ap_phi_reg_pp0_iter5_p_0_37_i_reg_1047  |  16|   0|   16|          0|
    |ap_phi_reg_pp0_iter5_p_0_49_i_reg_1017  |  16|   0|   16|          0|
    |ap_phi_reg_pp0_iter5_p_0_511_i_reg_987  |  16|   0|   16|          0|
    |ap_phi_reg_pp0_iter5_p_0_613_i_reg_957  |  16|   0|   16|          0|
    |ap_phi_reg_pp0_iter5_p_0_715_i_reg_927  |  16|   0|   16|          0|
    |ap_phi_reg_pp0_iter6_acc_0_V_1_reg_897  |  16|   0|   16|          0|
    |ap_phi_reg_pp0_iter6_acc_1_V_1_reg_867  |  16|   0|   16|          0|
    |ap_phi_reg_pp0_iter6_acc_2_V_1_reg_837  |  16|   0|   16|          0|
    |ap_phi_reg_pp0_iter6_acc_3_V_1_reg_807  |  16|   0|   16|          0|
    |ap_phi_reg_pp0_iter6_acc_4_V_1_reg_777  |  16|   0|   16|          0|
    |ap_phi_reg_pp0_iter6_acc_5_V_1_reg_747  |  16|   0|   16|          0|
    |ap_phi_reg_pp0_iter6_acc_6_V_1_reg_717  |  16|   0|   16|          0|
    |ap_phi_reg_pp0_iter6_acc_7_V_1_reg_687  |  16|   0|   16|          0|
    |ap_phi_reg_pp0_iter6_p_0_01_i_reg_1137  |  16|   0|   16|          0|
    |ap_phi_reg_pp0_iter6_p_0_13_i_reg_1107  |  16|   0|   16|          0|
    |ap_phi_reg_pp0_iter6_p_0_25_i_reg_1077  |  16|   0|   16|          0|
    |ap_phi_reg_pp0_iter6_p_0_37_i_reg_1047  |  16|   0|   16|          0|
    |ap_phi_reg_pp0_iter6_p_0_49_i_reg_1017  |  16|   0|   16|          0|
    |ap_phi_reg_pp0_iter6_p_0_511_i_reg_987  |  16|   0|   16|          0|
    |ap_phi_reg_pp0_iter6_p_0_613_i_reg_957  |  16|   0|   16|          0|
    |ap_phi_reg_pp0_iter6_p_0_715_i_reg_927  |  16|   0|   16|          0|
    |ap_return_0_preg                        |  16|   0|   16|          0|
    |ap_return_1_preg                        |  16|   0|   16|          0|
    |ap_return_2_preg                        |  16|   0|   16|          0|
    |ap_return_3_preg                        |  16|   0|   16|          0|
    |ap_return_4_preg                        |  16|   0|   16|          0|
    |ap_return_5_preg                        |  16|   0|   16|          0|
    |ap_return_6_preg                        |  16|   0|   16|          0|
    |ap_return_7_preg                        |  16|   0|   16|          0|
    |icmp_ln135_reg_2202                     |   1|   0|    1|          0|
    |icmp_ln154_reg_2197                     |   1|   0|    1|          0|
    |in_index_0_i42_reg_402                  |  32|   0|   32|          0|
    |in_index_reg_2192                       |  32|   0|   32|          0|
    |out_index_reg_2206                      |   3|   0|    3|          0|
    |r_V_reg_2236                            |  26|   0|   26|          0|
    |res_0_V_write_assign40_reg_447          |  16|   0|   16|          0|
    |res_1_V_write_assign38_reg_462          |  16|   0|   16|          0|
    |res_2_V_write_assign36_reg_477          |  16|   0|   16|          0|
    |res_3_V_write_assign34_reg_492          |  16|   0|   16|          0|
    |res_4_V_write_assign32_reg_507          |  16|   0|   16|          0|
    |res_5_V_write_assign30_reg_522          |  16|   0|   16|          0|
    |res_6_V_write_assign28_reg_537          |  16|   0|   16|          0|
    |res_7_V_write_assign26_reg_552          |  16|   0|   16|          0|
    |tmp_reg_2211                            |  16|   0|   16|          0|
    |w10_V_load_reg_2216                     |  12|   0|   12|          0|
    |w_index41_reg_417                       |  11|   0|   11|          0|
    |w_index_reg_2187                        |  11|   0|   11|          0|
    |icmp_ln135_reg_2202                     |  64|  32|    1|          0|
    |out_index_reg_2206                      |  64|  32|    3|          0|
    +----------------------------------------+----+----+-----+-----------+
    |Total                                   |2217|  64| 2093|          0|
    +----------------------------------------+----+----+-----+-----------+



================================================================
== Interface
================================================================
* Summary: 
+---------------------+-----+-----+------------+---------------------------------------------------+--------------+
|      RTL Ports      | Dir | Bits|  Protocol  |                   Source Object                   |    C Type    |
+---------------------+-----+-----+------------+---------------------------------------------------+--------------+
|ap_clk               |  in |    1| ap_ctrl_hs | dense_resource_rf_gt_nin_rem0.0.0.0.0.0.0.0.0.0.1 | return value |
|ap_rst               |  in |    1| ap_ctrl_hs | dense_resource_rf_gt_nin_rem0.0.0.0.0.0.0.0.0.0.1 | return value |
|ap_start             |  in |    1| ap_ctrl_hs | dense_resource_rf_gt_nin_rem0.0.0.0.0.0.0.0.0.0.1 | return value |
|ap_done              | out |    1| ap_ctrl_hs | dense_resource_rf_gt_nin_rem0.0.0.0.0.0.0.0.0.0.1 | return value |
|ap_idle              | out |    1| ap_ctrl_hs | dense_resource_rf_gt_nin_rem0.0.0.0.0.0.0.0.0.0.1 | return value |
|ap_ready             | out |    1| ap_ctrl_hs | dense_resource_rf_gt_nin_rem0.0.0.0.0.0.0.0.0.0.1 | return value |
|ap_return_0          | out |   16| ap_ctrl_hs | dense_resource_rf_gt_nin_rem0.0.0.0.0.0.0.0.0.0.1 | return value |
|ap_return_1          | out |   16| ap_ctrl_hs | dense_resource_rf_gt_nin_rem0.0.0.0.0.0.0.0.0.0.1 | return value |
|ap_return_2          | out |   16| ap_ctrl_hs | dense_resource_rf_gt_nin_rem0.0.0.0.0.0.0.0.0.0.1 | return value |
|ap_return_3          | out |   16| ap_ctrl_hs | dense_resource_rf_gt_nin_rem0.0.0.0.0.0.0.0.0.0.1 | return value |
|ap_return_4          | out |   16| ap_ctrl_hs | dense_resource_rf_gt_nin_rem0.0.0.0.0.0.0.0.0.0.1 | return value |
|ap_return_5          | out |   16| ap_ctrl_hs | dense_resource_rf_gt_nin_rem0.0.0.0.0.0.0.0.0.0.1 | return value |
|ap_return_6          | out |   16| ap_ctrl_hs | dense_resource_rf_gt_nin_rem0.0.0.0.0.0.0.0.0.0.1 | return value |
|ap_return_7          | out |   16| ap_ctrl_hs | dense_resource_rf_gt_nin_rem0.0.0.0.0.0.0.0.0.0.1 | return value |
|kernel_data_V_1_0    |  in |   16|   ap_none  |                 kernel_data_V_1_0                 |    pointer   |
|kernel_data_V_1_1    |  in |   16|   ap_none  |                 kernel_data_V_1_1                 |    pointer   |
|kernel_data_V_1_2    |  in |   16|   ap_none  |                 kernel_data_V_1_2                 |    pointer   |
|kernel_data_V_1_3    |  in |   16|   ap_none  |                 kernel_data_V_1_3                 |    pointer   |
|kernel_data_V_1_4    |  in |   16|   ap_none  |                 kernel_data_V_1_4                 |    pointer   |
|kernel_data_V_1_5    |  in |   16|   ap_none  |                 kernel_data_V_1_5                 |    pointer   |
|kernel_data_V_1_6    |  in |   16|   ap_none  |                 kernel_data_V_1_6                 |    pointer   |
|kernel_data_V_1_7    |  in |   16|   ap_none  |                 kernel_data_V_1_7                 |    pointer   |
|kernel_data_V_1_8    |  in |   16|   ap_none  |                 kernel_data_V_1_8                 |    pointer   |
|kernel_data_V_1_9    |  in |   16|   ap_none  |                 kernel_data_V_1_9                 |    pointer   |
|kernel_data_V_1_10   |  in |   16|   ap_none  |                 kernel_data_V_1_10                |    pointer   |
|kernel_data_V_1_11   |  in |   16|   ap_none  |                 kernel_data_V_1_11                |    pointer   |
|kernel_data_V_1_12   |  in |   16|   ap_none  |                 kernel_data_V_1_12                |    pointer   |
|kernel_data_V_1_13   |  in |   16|   ap_none  |                 kernel_data_V_1_13                |    pointer   |
|kernel_data_V_1_14   |  in |   16|   ap_none  |                 kernel_data_V_1_14                |    pointer   |
|kernel_data_V_1_15   |  in |   16|   ap_none  |                 kernel_data_V_1_15                |    pointer   |
|kernel_data_V_1_16   |  in |   16|   ap_none  |                 kernel_data_V_1_16                |    pointer   |
|kernel_data_V_1_17   |  in |   16|   ap_none  |                 kernel_data_V_1_17                |    pointer   |
|kernel_data_V_1_18   |  in |   16|   ap_none  |                 kernel_data_V_1_18                |    pointer   |
|kernel_data_V_1_19   |  in |   16|   ap_none  |                 kernel_data_V_1_19                |    pointer   |
|kernel_data_V_1_20   |  in |   16|   ap_none  |                 kernel_data_V_1_20                |    pointer   |
|kernel_data_V_1_21   |  in |   16|   ap_none  |                 kernel_data_V_1_21                |    pointer   |
|kernel_data_V_1_22   |  in |   16|   ap_none  |                 kernel_data_V_1_22                |    pointer   |
|kernel_data_V_1_23   |  in |   16|   ap_none  |                 kernel_data_V_1_23                |    pointer   |
|kernel_data_V_1_24   |  in |   16|   ap_none  |                 kernel_data_V_1_24                |    pointer   |
|kernel_data_V_1_25   |  in |   16|   ap_none  |                 kernel_data_V_1_25                |    pointer   |
|kernel_data_V_1_26   |  in |   16|   ap_none  |                 kernel_data_V_1_26                |    pointer   |
|kernel_data_V_1_27   |  in |   16|   ap_none  |                 kernel_data_V_1_27                |    pointer   |
|kernel_data_V_1_28   |  in |   16|   ap_none  |                 kernel_data_V_1_28                |    pointer   |
|kernel_data_V_1_29   |  in |   16|   ap_none  |                 kernel_data_V_1_29                |    pointer   |
|kernel_data_V_1_30   |  in |   16|   ap_none  |                 kernel_data_V_1_30                |    pointer   |
|kernel_data_V_1_31   |  in |   16|   ap_none  |                 kernel_data_V_1_31                |    pointer   |
|kernel_data_V_1_32   |  in |   16|   ap_none  |                 kernel_data_V_1_32                |    pointer   |
|kernel_data_V_1_33   |  in |   16|   ap_none  |                 kernel_data_V_1_33                |    pointer   |
|kernel_data_V_1_34   |  in |   16|   ap_none  |                 kernel_data_V_1_34                |    pointer   |
|kernel_data_V_1_35   |  in |   16|   ap_none  |                 kernel_data_V_1_35                |    pointer   |
|kernel_data_V_1_36   |  in |   16|   ap_none  |                 kernel_data_V_1_36                |    pointer   |
|kernel_data_V_1_37   |  in |   16|   ap_none  |                 kernel_data_V_1_37                |    pointer   |
|kernel_data_V_1_38   |  in |   16|   ap_none  |                 kernel_data_V_1_38                |    pointer   |
|kernel_data_V_1_39   |  in |   16|   ap_none  |                 kernel_data_V_1_39                |    pointer   |
|kernel_data_V_1_40   |  in |   16|   ap_none  |                 kernel_data_V_1_40                |    pointer   |
|kernel_data_V_1_41   |  in |   16|   ap_none  |                 kernel_data_V_1_41                |    pointer   |
|kernel_data_V_1_42   |  in |   16|   ap_none  |                 kernel_data_V_1_42                |    pointer   |
|kernel_data_V_1_43   |  in |   16|   ap_none  |                 kernel_data_V_1_43                |    pointer   |
|kernel_data_V_1_44   |  in |   16|   ap_none  |                 kernel_data_V_1_44                |    pointer   |
|kernel_data_V_1_45   |  in |   16|   ap_none  |                 kernel_data_V_1_45                |    pointer   |
|kernel_data_V_1_46   |  in |   16|   ap_none  |                 kernel_data_V_1_46                |    pointer   |
|kernel_data_V_1_47   |  in |   16|   ap_none  |                 kernel_data_V_1_47                |    pointer   |
|kernel_data_V_1_48   |  in |   16|   ap_none  |                 kernel_data_V_1_48                |    pointer   |
|kernel_data_V_1_49   |  in |   16|   ap_none  |                 kernel_data_V_1_49                |    pointer   |
|kernel_data_V_1_50   |  in |   16|   ap_none  |                 kernel_data_V_1_50                |    pointer   |
|kernel_data_V_1_51   |  in |   16|   ap_none  |                 kernel_data_V_1_51                |    pointer   |
|kernel_data_V_1_52   |  in |   16|   ap_none  |                 kernel_data_V_1_52                |    pointer   |
|kernel_data_V_1_53   |  in |   16|   ap_none  |                 kernel_data_V_1_53                |    pointer   |
|kernel_data_V_1_54   |  in |   16|   ap_none  |                 kernel_data_V_1_54                |    pointer   |
|kernel_data_V_1_55   |  in |   16|   ap_none  |                 kernel_data_V_1_55                |    pointer   |
|kernel_data_V_1_56   |  in |   16|   ap_none  |                 kernel_data_V_1_56                |    pointer   |
|kernel_data_V_1_57   |  in |   16|   ap_none  |                 kernel_data_V_1_57                |    pointer   |
|kernel_data_V_1_58   |  in |   16|   ap_none  |                 kernel_data_V_1_58                |    pointer   |
|kernel_data_V_1_59   |  in |   16|   ap_none  |                 kernel_data_V_1_59                |    pointer   |
|kernel_data_V_1_60   |  in |   16|   ap_none  |                 kernel_data_V_1_60                |    pointer   |
|kernel_data_V_1_61   |  in |   16|   ap_none  |                 kernel_data_V_1_61                |    pointer   |
|kernel_data_V_1_62   |  in |   16|   ap_none  |                 kernel_data_V_1_62                |    pointer   |
|kernel_data_V_1_63   |  in |   16|   ap_none  |                 kernel_data_V_1_63                |    pointer   |
|kernel_data_V_1_64   |  in |   16|   ap_none  |                 kernel_data_V_1_64                |    pointer   |
|kernel_data_V_1_65   |  in |   16|   ap_none  |                 kernel_data_V_1_65                |    pointer   |
|kernel_data_V_1_66   |  in |   16|   ap_none  |                 kernel_data_V_1_66                |    pointer   |
|kernel_data_V_1_67   |  in |   16|   ap_none  |                 kernel_data_V_1_67                |    pointer   |
|kernel_data_V_1_68   |  in |   16|   ap_none  |                 kernel_data_V_1_68                |    pointer   |
|kernel_data_V_1_69   |  in |   16|   ap_none  |                 kernel_data_V_1_69                |    pointer   |
|kernel_data_V_1_70   |  in |   16|   ap_none  |                 kernel_data_V_1_70                |    pointer   |
|kernel_data_V_1_71   |  in |   16|   ap_none  |                 kernel_data_V_1_71                |    pointer   |
|kernel_data_V_1_72   |  in |   16|   ap_none  |                 kernel_data_V_1_72                |    pointer   |
|kernel_data_V_1_73   |  in |   16|   ap_none  |                 kernel_data_V_1_73                |    pointer   |
|kernel_data_V_1_74   |  in |   16|   ap_none  |                 kernel_data_V_1_74                |    pointer   |
|kernel_data_V_1_75   |  in |   16|   ap_none  |                 kernel_data_V_1_75                |    pointer   |
|kernel_data_V_1_76   |  in |   16|   ap_none  |                 kernel_data_V_1_76                |    pointer   |
|kernel_data_V_1_77   |  in |   16|   ap_none  |                 kernel_data_V_1_77                |    pointer   |
|kernel_data_V_1_78   |  in |   16|   ap_none  |                 kernel_data_V_1_78                |    pointer   |
|kernel_data_V_1_79   |  in |   16|   ap_none  |                 kernel_data_V_1_79                |    pointer   |
|kernel_data_V_1_80   |  in |   16|   ap_none  |                 kernel_data_V_1_80                |    pointer   |
|kernel_data_V_1_81   |  in |   16|   ap_none  |                 kernel_data_V_1_81                |    pointer   |
|kernel_data_V_1_82   |  in |   16|   ap_none  |                 kernel_data_V_1_82                |    pointer   |
|kernel_data_V_1_83   |  in |   16|   ap_none  |                 kernel_data_V_1_83                |    pointer   |
|kernel_data_V_1_84   |  in |   16|   ap_none  |                 kernel_data_V_1_84                |    pointer   |
|kernel_data_V_1_85   |  in |   16|   ap_none  |                 kernel_data_V_1_85                |    pointer   |
|kernel_data_V_1_86   |  in |   16|   ap_none  |                 kernel_data_V_1_86                |    pointer   |
|kernel_data_V_1_87   |  in |   16|   ap_none  |                 kernel_data_V_1_87                |    pointer   |
|kernel_data_V_1_88   |  in |   16|   ap_none  |                 kernel_data_V_1_88                |    pointer   |
|kernel_data_V_1_89   |  in |   16|   ap_none  |                 kernel_data_V_1_89                |    pointer   |
|kernel_data_V_1_90   |  in |   16|   ap_none  |                 kernel_data_V_1_90                |    pointer   |
|kernel_data_V_1_91   |  in |   16|   ap_none  |                 kernel_data_V_1_91                |    pointer   |
|kernel_data_V_1_92   |  in |   16|   ap_none  |                 kernel_data_V_1_92                |    pointer   |
|kernel_data_V_1_93   |  in |   16|   ap_none  |                 kernel_data_V_1_93                |    pointer   |
|kernel_data_V_1_94   |  in |   16|   ap_none  |                 kernel_data_V_1_94                |    pointer   |
|kernel_data_V_1_95   |  in |   16|   ap_none  |                 kernel_data_V_1_95                |    pointer   |
|kernel_data_V_1_96   |  in |   16|   ap_none  |                 kernel_data_V_1_96                |    pointer   |
|kernel_data_V_1_97   |  in |   16|   ap_none  |                 kernel_data_V_1_97                |    pointer   |
|kernel_data_V_1_98   |  in |   16|   ap_none  |                 kernel_data_V_1_98                |    pointer   |
|kernel_data_V_1_99   |  in |   16|   ap_none  |                 kernel_data_V_1_99                |    pointer   |
|kernel_data_V_1_100  |  in |   16|   ap_none  |                kernel_data_V_1_100                |    pointer   |
|kernel_data_V_1_101  |  in |   16|   ap_none  |                kernel_data_V_1_101                |    pointer   |
|kernel_data_V_1_102  |  in |   16|   ap_none  |                kernel_data_V_1_102                |    pointer   |
|kernel_data_V_1_103  |  in |   16|   ap_none  |                kernel_data_V_1_103                |    pointer   |
|kernel_data_V_1_104  |  in |   16|   ap_none  |                kernel_data_V_1_104                |    pointer   |
|kernel_data_V_1_105  |  in |   16|   ap_none  |                kernel_data_V_1_105                |    pointer   |
|kernel_data_V_1_106  |  in |   16|   ap_none  |                kernel_data_V_1_106                |    pointer   |
|kernel_data_V_1_107  |  in |   16|   ap_none  |                kernel_data_V_1_107                |    pointer   |
|kernel_data_V_1_108  |  in |   16|   ap_none  |                kernel_data_V_1_108                |    pointer   |
|kernel_data_V_1_109  |  in |   16|   ap_none  |                kernel_data_V_1_109                |    pointer   |
|kernel_data_V_1_110  |  in |   16|   ap_none  |                kernel_data_V_1_110                |    pointer   |
|kernel_data_V_1_111  |  in |   16|   ap_none  |                kernel_data_V_1_111                |    pointer   |
|kernel_data_V_1_112  |  in |   16|   ap_none  |                kernel_data_V_1_112                |    pointer   |
|kernel_data_V_1_113  |  in |   16|   ap_none  |                kernel_data_V_1_113                |    pointer   |
|kernel_data_V_1_114  |  in |   16|   ap_none  |                kernel_data_V_1_114                |    pointer   |
|kernel_data_V_1_115  |  in |   16|   ap_none  |                kernel_data_V_1_115                |    pointer   |
|kernel_data_V_1_116  |  in |   16|   ap_none  |                kernel_data_V_1_116                |    pointer   |
|kernel_data_V_1_117  |  in |   16|   ap_none  |                kernel_data_V_1_117                |    pointer   |
|kernel_data_V_1_118  |  in |   16|   ap_none  |                kernel_data_V_1_118                |    pointer   |
|kernel_data_V_1_119  |  in |   16|   ap_none  |                kernel_data_V_1_119                |    pointer   |
|kernel_data_V_1_120  |  in |   16|   ap_none  |                kernel_data_V_1_120                |    pointer   |
|kernel_data_V_1_121  |  in |   16|   ap_none  |                kernel_data_V_1_121                |    pointer   |
|kernel_data_V_1_122  |  in |   16|   ap_none  |                kernel_data_V_1_122                |    pointer   |
|kernel_data_V_1_123  |  in |   16|   ap_none  |                kernel_data_V_1_123                |    pointer   |
|kernel_data_V_1_124  |  in |   16|   ap_none  |                kernel_data_V_1_124                |    pointer   |
|kernel_data_V_1_125  |  in |   16|   ap_none  |                kernel_data_V_1_125                |    pointer   |
|kernel_data_V_1_126  |  in |   16|   ap_none  |                kernel_data_V_1_126                |    pointer   |
|kernel_data_V_1_127  |  in |   16|   ap_none  |                kernel_data_V_1_127                |    pointer   |
|kernel_data_V_1_128  |  in |   16|   ap_none  |                kernel_data_V_1_128                |    pointer   |
|kernel_data_V_1_129  |  in |   16|   ap_none  |                kernel_data_V_1_129                |    pointer   |
|kernel_data_V_1_130  |  in |   16|   ap_none  |                kernel_data_V_1_130                |    pointer   |
|kernel_data_V_1_131  |  in |   16|   ap_none  |                kernel_data_V_1_131                |    pointer   |
|kernel_data_V_1_132  |  in |   16|   ap_none  |                kernel_data_V_1_132                |    pointer   |
|kernel_data_V_1_133  |  in |   16|   ap_none  |                kernel_data_V_1_133                |    pointer   |
|kernel_data_V_1_134  |  in |   16|   ap_none  |                kernel_data_V_1_134                |    pointer   |
|kernel_data_V_1_135  |  in |   16|   ap_none  |                kernel_data_V_1_135                |    pointer   |
|kernel_data_V_1_136  |  in |   16|   ap_none  |                kernel_data_V_1_136                |    pointer   |
|kernel_data_V_1_137  |  in |   16|   ap_none  |                kernel_data_V_1_137                |    pointer   |
|kernel_data_V_1_138  |  in |   16|   ap_none  |                kernel_data_V_1_138                |    pointer   |
|kernel_data_V_1_139  |  in |   16|   ap_none  |                kernel_data_V_1_139                |    pointer   |
|kernel_data_V_1_140  |  in |   16|   ap_none  |                kernel_data_V_1_140                |    pointer   |
|kernel_data_V_1_141  |  in |   16|   ap_none  |                kernel_data_V_1_141                |    pointer   |
|kernel_data_V_1_142  |  in |   16|   ap_none  |                kernel_data_V_1_142                |    pointer   |
|kernel_data_V_1_143  |  in |   16|   ap_none  |                kernel_data_V_1_143                |    pointer   |
+---------------------+-----+-----+------------+---------------------------------------------------+--------------+

