

================================================================
== Vivado HLS Report for 'dense_resource_rf_leq_nin_ap_fixed_ap_fixed_config15_mult_0_0_0_0_0'
================================================================
* Date:           Sun May 25 15:19:09 2025

* Version:        2020.1 (Build 2897737 on Wed May 27 20:21:37 MDT 2020)
* Project:        myproject_prj
* Solution:       solution1
* Product family: zynq
* Target device:  xc7z020-clg400-1


================================================================
== Performance Estimates
================================================================
+ Timing: 
    * Summary: 
    +--------+---------+----------+------------+
    |  Clock |  Target | Estimated| Uncertainty|
    +--------+---------+----------+------------+
    |ap_clk  | 5.00 ns | 3.515 ns |   0.62 ns  |
    +--------+---------+----------+------------+

+ Latency: 
    * Summary: 
    +---------+---------+-----------+-----------+-----+-----+---------+
    |  Latency (cycles) |   Latency (absolute)  |  Interval | Pipeline|
    |   min   |   max   |    min    |    max    | min | max |   Type  |
    +---------+---------+-----------+-----------+-----+-----+---------+
    |        5|        5| 25.000 ns | 25.000 ns |    5|    5|   none  |
    +---------+---------+-----------+-----------+-----+-----+---------+

    + Detail: 
        * Instance: 
        N/A

        * Loop: 
        N/A



================================================================
== Utilization Estimates
================================================================
* Summary: 
+-----------------+---------+-------+--------+-------+-----+
|       Name      | BRAM_18K| DSP48E|   FF   |  LUT  | URAM|
+-----------------+---------+-------+--------+-------+-----+
|DSP              |        -|      -|       -|      -|    -|
|Expression       |        -|      -|       0|   4862|    -|
|FIFO             |        -|      -|       -|      -|    -|
|Instance         |        -|      -|       -|      -|    -|
|Memory           |        -|      -|       -|      -|    -|
|Multiplexer      |        -|      -|       -|     38|    -|
|Register         |        -|      -|    1062|      -|    -|
+-----------------+---------+-------+--------+-------+-----+
|Total            |        0|      0|    1062|   4900|    0|
+-----------------+---------+-------+--------+-------+-----+
|Available        |      280|    220|  106400|  53200|    0|
+-----------------+---------+-------+--------+-------+-----+
|Utilization (%)  |        0|      0|   ~0   |      9|    0|
+-----------------+---------+-------+--------+-------+-----+

+ Detail: 
    * Instance: 
    N/A

    * DSP48E: 
    N/A

    * Memory: 
    N/A

    * FIFO: 
    N/A

    * Expression: 
    +---------------------------+----------+-------+---+----+------------+------------+
    |       Variable Name       | Operation| DSP48E| FF| LUT| Bitwidth P0| Bitwidth P1|
    +---------------------------+----------+-------+---+----+------------+------------+
    |acc_0_V_fu_6121_p2         |     +    |      0|  0|   8|           4|           4|
    |acc_1_V_fu_6130_p2         |     +    |      0|  0|   8|           4|           4|
    |acc_2_V_fu_6139_p2         |     +    |      0|  0|   8|           4|           4|
    |acc_3_V_fu_6148_p2         |     +    |      0|  0|   8|           4|           4|
    |add_ln703_395_fu_2712_p2   |     +    |      0|  0|   8|           4|           4|
    |add_ln703_396_fu_2718_p2   |     +    |      0|  0|  13|           4|           4|
    |add_ln703_397_fu_2724_p2   |     +    |      0|  0|  13|           4|           4|
    |add_ln703_398_fu_4508_p2   |     +    |      0|  0|   8|           4|           4|
    |add_ln703_399_fu_4512_p2   |     +    |      0|  0|   8|           4|           4|
    |add_ln703_400_fu_2730_p2   |     +    |      0|  0|  13|           4|           4|
    |add_ln703_401_fu_4517_p2   |     +    |      0|  0|   8|           4|           4|
    |add_ln703_402_fu_4522_p2   |     +    |      0|  0|   8|           4|           4|
    |add_ln703_403_fu_2736_p2   |     +    |      0|  0|  13|           4|           4|
    |add_ln703_404_fu_4527_p2   |     +    |      0|  0|   8|           4|           4|
    |add_ln703_405_fu_4532_p2   |     +    |      0|  0|   8|           4|           4|
    |add_ln703_406_fu_5654_p2   |     +    |      0|  0|   8|           4|           4|
    |add_ln703_407_fu_5658_p2   |     +    |      0|  0|   8|           4|           4|
    |add_ln703_408_fu_4537_p2   |     +    |      0|  0|   8|           4|           4|
    |add_ln703_409_fu_4542_p2   |     +    |      0|  0|   8|           4|           4|
    |add_ln703_410_fu_4547_p2   |     +    |      0|  0|  13|           4|           4|
    |add_ln703_411_fu_4551_p2   |     +    |      0|  0|  13|           4|           4|
    |add_ln703_412_fu_5663_p2   |     +    |      0|  0|   8|           4|           4|
    |add_ln703_413_fu_5667_p2   |     +    |      0|  0|   8|           4|           4|
    |add_ln703_414_fu_2742_p2   |     +    |      0|  0|  13|           4|           4|
    |add_ln703_415_fu_4556_p2   |     +    |      0|  0|   8|           4|           4|
    |add_ln703_416_fu_4562_p2   |     +    |      0|  0|   8|           4|           4|
    |add_ln703_417_fu_4567_p2   |     +    |      0|  0|  13|           4|           4|
    |add_ln703_418_fu_4572_p2   |     +    |      0|  0|  13|           4|           4|
    |add_ln703_419_fu_5672_p2   |     +    |      0|  0|   8|           4|           4|
    |add_ln703_420_fu_5676_p2   |     +    |      0|  0|   8|           4|           4|
    |add_ln703_421_fu_6009_p2   |     +    |      0|  0|   8|           4|           4|
    |add_ln703_422_fu_6013_p2   |     +    |      0|  0|   8|           4|           4|
    |add_ln703_423_fu_4576_p2   |     +    |      0|  0|   8|           4|           4|
    |add_ln703_424_fu_4581_p2   |     +    |      0|  0|   8|           4|           4|
    |add_ln703_425_fu_2748_p2   |     +    |      0|  0|  13|           4|           4|
    |add_ln703_426_fu_4587_p2   |     +    |      0|  0|  13|           4|           4|
    |add_ln703_427_fu_5681_p2   |     +    |      0|  0|   8|           4|           4|
    |add_ln703_428_fu_5685_p2   |     +    |      0|  0|   8|           4|           4|
    |add_ln703_429_fu_4593_p2   |     +    |      0|  0|  13|           4|           4|
    |add_ln703_430_fu_5690_p2   |     +    |      0|  0|   8|           4|           4|
    |add_ln703_431_fu_5694_p2   |     +    |      0|  0|   8|           4|           4|
    |add_ln703_432_fu_4599_p2   |     +    |      0|  0|  13|           4|           4|
    |add_ln703_433_fu_5699_p2   |     +    |      0|  0|   8|           4|           4|
    |add_ln703_434_fu_5705_p2   |     +    |      0|  0|   8|           4|           4|
    |add_ln703_435_fu_6018_p2   |     +    |      0|  0|   8|           4|           4|
    |add_ln703_436_fu_6022_p2   |     +    |      0|  0|   8|           4|           4|
    |add_ln703_437_fu_2754_p2   |     +    |      0|  0|  13|           4|           4|
    |add_ln703_438_fu_4605_p2   |     +    |      0|  0|   8|           4|           4|
    |add_ln703_439_fu_4611_p2   |     +    |      0|  0|   8|           4|           4|
    |add_ln703_440_fu_4616_p2   |     +    |      0|  0|  13|           4|           4|
    |add_ln703_441_fu_4622_p2   |     +    |      0|  0|  13|           4|           4|
    |add_ln703_442_fu_5710_p2   |     +    |      0|  0|   8|           4|           4|
    |add_ln703_443_fu_5714_p2   |     +    |      0|  0|   8|           4|           4|
    |add_ln703_444_fu_4628_p2   |     +    |      0|  0|  13|           4|           4|
    |add_ln703_445_fu_5719_p2   |     +    |      0|  0|   8|           4|           4|
    |add_ln703_446_fu_5725_p2   |     +    |      0|  0|   8|           4|           4|
    |add_ln703_447_fu_5730_p2   |     +    |      0|  0|   8|           4|           4|
    |add_ln703_448_fu_4634_p2   |     +    |      0|  0|  12|           3|           3|
    |add_ln703_449_fu_5738_p2   |     +    |      0|  0|   8|           4|           4|
    |add_ln703_450_fu_6027_p2   |     +    |      0|  0|   8|           4|           4|
    |add_ln703_451_fu_6031_p2   |     +    |      0|  0|   8|           4|           4|
    |add_ln703_452_fu_6117_p2   |     +    |      0|  0|   8|           4|           4|
    |add_ln703_454_fu_1356_p2   |     +    |      0|  0|  13|           4|           4|
    |add_ln703_455_fu_3415_p2   |     +    |      0|  0|   8|           4|           4|
    |add_ln703_456_fu_3420_p2   |     +    |      0|  0|   8|           4|           4|
    |add_ln703_457_fu_3425_p2   |     +    |      0|  0|  13|           4|           4|
    |add_ln703_458_fu_3431_p2   |     +    |      0|  0|   8|           4|           4|
    |add_ln703_459_fu_3437_p2   |     +    |      0|  0|   8|           4|           4|
    |add_ln703_460_fu_4932_p2   |     +    |      0|  0|   8|           4|           4|
    |add_ln703_461_fu_4936_p2   |     +    |      0|  0|   8|           4|           4|
    |add_ln703_462_fu_3443_p2   |     +    |      0|  0|  13|           4|           4|
    |add_ln703_463_fu_3449_p2   |     +    |      0|  0|  13|           4|           4|
    |add_ln703_464_fu_4941_p2   |     +    |      0|  0|   8|           4|           4|
    |add_ln703_465_fu_4945_p2   |     +    |      0|  0|   8|           4|           4|
    |add_ln703_466_fu_3455_p2   |     +    |      0|  0|  13|           4|           4|
    |add_ln703_467_fu_3461_p2   |     +    |      0|  0|  13|           4|           4|
    |add_ln703_468_fu_4950_p2   |     +    |      0|  0|   8|           4|           4|
    |add_ln703_469_fu_4955_p2   |     +    |      0|  0|   8|           4|           4|
    |add_ln703_470_fu_5747_p2   |     +    |      0|  0|   8|           4|           4|
    |add_ln703_471_fu_5751_p2   |     +    |      0|  0|   8|           4|           4|
    |add_ln703_472_fu_3467_p2   |     +    |      0|  0|  13|           4|           4|
    |add_ln703_473_fu_4960_p2   |     +    |      0|  0|   8|           4|           4|
    |add_ln703_474_fu_4966_p2   |     +    |      0|  0|   8|           4|           4|
    |add_ln703_475_fu_4971_p2   |     +    |      0|  0|  13|           4|           4|
    |add_ln703_476_fu_4976_p2   |     +    |      0|  0|   8|           4|           4|
    |add_ln703_477_fu_4981_p2   |     +    |      0|  0|   8|           4|           4|
    |add_ln703_478_fu_5756_p2   |     +    |      0|  0|   8|           4|           4|
    |add_ln703_479_fu_5760_p2   |     +    |      0|  0|   8|           4|           4|
    |add_ln703_480_fu_3473_p2   |     +    |      0|  0|  13|           4|           4|
    |add_ln703_481_fu_3479_p2   |     +    |      0|  0|  13|           4|           4|
    |add_ln703_482_fu_4987_p2   |     +    |      0|  0|   8|           4|           4|
    |add_ln703_483_fu_4991_p2   |     +    |      0|  0|   8|           4|           4|
    |add_ln703_484_fu_4996_p2   |     +    |      0|  0|  13|           4|           4|
    |add_ln703_485_fu_5002_p2   |     +    |      0|  0|   8|           4|           4|
    |add_ln703_486_fu_5007_p2   |     +    |      0|  0|   8|           4|           4|
    |add_ln703_487_fu_5765_p2   |     +    |      0|  0|   8|           4|           4|
    |add_ln703_488_fu_5769_p2   |     +    |      0|  0|   8|           4|           4|
    |add_ln703_489_fu_6036_p2   |     +    |      0|  0|   8|           4|           4|
    |add_ln703_490_fu_6040_p2   |     +    |      0|  0|   8|           4|           4|
    |add_ln703_491_fu_3485_p2   |     +    |      0|  0|  13|           4|           4|
    |add_ln703_492_fu_5012_p2   |     +    |      0|  0|   8|           4|           4|
    |add_ln703_493_fu_5017_p2   |     +    |      0|  0|   8|           4|           4|
    |add_ln703_494_fu_5022_p2   |     +    |      0|  0|  13|           4|           4|
    |add_ln703_495_fu_5028_p2   |     +    |      0|  0|   8|           4|           4|
    |add_ln703_496_fu_5034_p2   |     +    |      0|  0|   8|           4|           4|
    |add_ln703_497_fu_5774_p2   |     +    |      0|  0|   8|           4|           4|
    |add_ln703_498_fu_5778_p2   |     +    |      0|  0|   8|           4|           4|
    |add_ln703_499_fu_5040_p2   |     +    |      0|  0|  13|           4|           4|
    |add_ln703_500_fu_5046_p2   |     +    |      0|  0|  13|           4|           4|
    |add_ln703_501_fu_5783_p2   |     +    |      0|  0|   8|           4|           4|
    |add_ln703_502_fu_5788_p2   |     +    |      0|  0|   8|           4|           4|
    |add_ln703_503_fu_5052_p2   |     +    |      0|  0|  13|           4|           4|
    |add_ln703_504_fu_5058_p2   |     +    |      0|  0|  13|           4|           4|
    |add_ln703_505_fu_5793_p2   |     +    |      0|  0|   8|           4|           4|
    |add_ln703_506_fu_5797_p2   |     +    |      0|  0|   8|           4|           4|
    |add_ln703_507_fu_6045_p2   |     +    |      0|  0|   8|           4|           4|
    |add_ln703_508_fu_6049_p2   |     +    |      0|  0|   8|           4|           4|
    |add_ln703_509_fu_3491_p2   |     +    |      0|  0|  13|           4|           4|
    |add_ln703_510_fu_3497_p2   |     +    |      0|  0|  13|           4|           4|
    |add_ln703_511_fu_5064_p2   |     +    |      0|  0|   8|           4|           4|
    |add_ln703_512_fu_5068_p2   |     +    |      0|  0|   8|           4|           4|
    |add_ln703_513_fu_5073_p2   |     +    |      0|  0|  13|           4|           4|
    |add_ln703_514_fu_5079_p2   |     +    |      0|  0|   8|           4|           4|
    |add_ln703_515_fu_5085_p2   |     +    |      0|  0|   8|           4|           4|
    |add_ln703_516_fu_5802_p2   |     +    |      0|  0|   8|           4|           4|
    |add_ln703_517_fu_5806_p2   |     +    |      0|  0|   8|           4|           4|
    |add_ln703_518_fu_5091_p2   |     +    |      0|  0|  13|           4|           4|
    |add_ln703_519_fu_5097_p2   |     +    |      0|  0|  13|           4|           4|
    |add_ln703_520_fu_5811_p2   |     +    |      0|  0|   8|           4|           4|
    |add_ln703_521_fu_5815_p2   |     +    |      0|  0|   8|           4|           4|
    |add_ln703_522_fu_5103_p2   |     +    |      0|  0|  13|           4|           4|
    |add_ln703_523_fu_5109_p2   |     +    |      0|  0|  12|           3|           2|
    |add_ln703_524_fu_5823_p2   |     +    |      0|  0|   8|           4|           4|
    |add_ln703_525_fu_5828_p2   |     +    |      0|  0|   8|           4|           4|
    |add_ln703_526_fu_6054_p2   |     +    |      0|  0|   8|           4|           4|
    |add_ln703_527_fu_6058_p2   |     +    |      0|  0|   8|           4|           4|
    |add_ln703_528_fu_6126_p2   |     +    |      0|  0|   8|           4|           4|
    |add_ln703_530_fu_1484_p2   |     +    |      0|  0|  13|           4|           4|
    |add_ln703_531_fu_3776_p2   |     +    |      0|  0|   8|           4|           4|
    |add_ln703_532_fu_3781_p2   |     +    |      0|  0|   8|           4|           4|
    |add_ln703_533_fu_3786_p2   |     +    |      0|  0|  13|           4|           4|
    |add_ln703_534_fu_3792_p2   |     +    |      0|  0|   8|           4|           4|
    |add_ln703_535_fu_3798_p2   |     +    |      0|  0|   8|           4|           4|
    |add_ln703_536_fu_5210_p2   |     +    |      0|  0|   8|           4|           4|
    |add_ln703_537_fu_5214_p2   |     +    |      0|  0|   8|           4|           4|
    |add_ln703_538_fu_3804_p2   |     +    |      0|  0|  13|           4|           4|
    |add_ln703_539_fu_3810_p2   |     +    |      0|  0|  13|           4|           4|
    |add_ln703_540_fu_5219_p2   |     +    |      0|  0|   8|           4|           4|
    |add_ln703_541_fu_5223_p2   |     +    |      0|  0|   8|           4|           4|
    |add_ln703_542_fu_3816_p2   |     +    |      0|  0|  13|           4|           4|
    |add_ln703_543_fu_3822_p2   |     +    |      0|  0|  13|           4|           4|
    |add_ln703_544_fu_5228_p2   |     +    |      0|  0|   8|           4|           4|
    |add_ln703_545_fu_5233_p2   |     +    |      0|  0|   8|           4|           4|
    |add_ln703_546_fu_5836_p2   |     +    |      0|  0|   8|           4|           4|
    |add_ln703_547_fu_5840_p2   |     +    |      0|  0|   8|           4|           4|
    |add_ln703_548_fu_3828_p2   |     +    |      0|  0|  13|           4|           4|
    |add_ln703_549_fu_3834_p2   |     +    |      0|  0|  13|           4|           4|
    |add_ln703_550_fu_5238_p2   |     +    |      0|  0|   8|           4|           4|
    |add_ln703_551_fu_5242_p2   |     +    |      0|  0|   8|           4|           4|
    |add_ln703_552_fu_5247_p2   |     +    |      0|  0|  13|           4|           4|
    |add_ln703_553_fu_5251_p2   |     +    |      0|  0|   8|           4|           4|
    |add_ln703_554_fu_5256_p2   |     +    |      0|  0|   8|           4|           4|
    |add_ln703_555_fu_5845_p2   |     +    |      0|  0|   8|           4|           4|
    |add_ln703_556_fu_5849_p2   |     +    |      0|  0|   8|           4|           4|
    |add_ln703_557_fu_3840_p2   |     +    |      0|  0|  13|           4|           4|
    |add_ln703_558_fu_3846_p2   |     +    |      0|  0|  13|           4|           4|
    |add_ln703_559_fu_5261_p2   |     +    |      0|  0|   8|           4|           4|
    |add_ln703_560_fu_5265_p2   |     +    |      0|  0|   8|           4|           4|
    |add_ln703_561_fu_5270_p2   |     +    |      0|  0|  13|           4|           4|
    |add_ln703_562_fu_5275_p2   |     +    |      0|  0|   8|           4|           4|
    |add_ln703_563_fu_5281_p2   |     +    |      0|  0|   8|           4|           4|
    |add_ln703_564_fu_5854_p2   |     +    |      0|  0|   8|           4|           4|
    |add_ln703_565_fu_5858_p2   |     +    |      0|  0|   8|           4|           4|
    |add_ln703_566_fu_6063_p2   |     +    |      0|  0|   8|           4|           4|
    |add_ln703_567_fu_6067_p2   |     +    |      0|  0|   8|           4|           4|
    |add_ln703_568_fu_3852_p2   |     +    |      0|  0|  13|           4|           4|
    |add_ln703_569_fu_5287_p2   |     +    |      0|  0|   8|           4|           4|
    |add_ln703_570_fu_5291_p2   |     +    |      0|  0|   8|           4|           4|
    |add_ln703_571_fu_5296_p2   |     +    |      0|  0|  13|           4|           4|
    |add_ln703_572_fu_5302_p2   |     +    |      0|  0|  13|           4|           4|
    |add_ln703_573_fu_5863_p2   |     +    |      0|  0|   8|           4|           4|
    |add_ln703_574_fu_5867_p2   |     +    |      0|  0|   8|           4|           4|
    |add_ln703_575_fu_5308_p2   |     +    |      0|  0|  13|           4|           4|
    |add_ln703_576_fu_5314_p2   |     +    |      0|  0|  13|           4|           4|
    |add_ln703_577_fu_5872_p2   |     +    |      0|  0|   8|           4|           4|
    |add_ln703_578_fu_5876_p2   |     +    |      0|  0|   8|           4|           4|
    |add_ln703_579_fu_5320_p2   |     +    |      0|  0|  13|           4|           4|
    |add_ln703_580_fu_5881_p2   |     +    |      0|  0|   8|           4|           4|
    |add_ln703_581_fu_5885_p2   |     +    |      0|  0|   8|           4|           4|
    |add_ln703_582_fu_6072_p2   |     +    |      0|  0|   8|           4|           4|
    |add_ln703_583_fu_6076_p2   |     +    |      0|  0|   8|           4|           4|
    |add_ln703_584_fu_3858_p2   |     +    |      0|  0|  13|           4|           4|
    |add_ln703_585_fu_3864_p2   |     +    |      0|  0|  13|           4|           4|
    |add_ln703_586_fu_5325_p2   |     +    |      0|  0|   8|           4|           4|
    |add_ln703_587_fu_5330_p2   |     +    |      0|  0|   8|           4|           4|
    |add_ln703_588_fu_5335_p2   |     +    |      0|  0|   8|           4|           4|
    |add_ln703_589_fu_5341_p2   |     +    |      0|  0|   8|           4|           4|
    |add_ln703_590_fu_5890_p2   |     +    |      0|  0|   8|           4|           4|
    |add_ln703_591_fu_5894_p2   |     +    |      0|  0|   8|           4|           4|
    |add_ln703_592_fu_5347_p2   |     +    |      0|  0|  13|           4|           4|
    |add_ln703_593_fu_5353_p2   |     +    |      0|  0|  13|           4|           4|
    |add_ln703_594_fu_5899_p2   |     +    |      0|  0|   8|           4|           4|
    |add_ln703_595_fu_5903_p2   |     +    |      0|  0|   8|           4|           4|
    |add_ln703_596_fu_5359_p2   |     +    |      0|  0|  12|           3|           3|
    |add_ln703_597_fu_5365_p2   |     +    |      0|  0|  12|           3|           3|
    |add_ln703_598_fu_5914_p2   |     +    |      0|  0|   8|           4|           4|
    |add_ln703_599_fu_5920_p2   |     +    |      0|  0|   8|           4|           4|
    |add_ln703_600_fu_6081_p2   |     +    |      0|  0|   8|           4|           4|
    |add_ln703_601_fu_6085_p2   |     +    |      0|  0|   8|           4|           4|
    |add_ln703_602_fu_6135_p2   |     +    |      0|  0|   8|           4|           4|
    |add_ln703_604_fu_1562_p2   |     +    |      0|  0|  13|           4|           4|
    |add_ln703_605_fu_3980_p2   |     +    |      0|  0|   8|           4|           4|
    |add_ln703_606_fu_3985_p2   |     +    |      0|  0|   8|           4|           4|
    |add_ln703_607_fu_3990_p2   |     +    |      0|  0|  13|           4|           4|
    |add_ln703_608_fu_3996_p2   |     +    |      0|  0|  13|           4|           4|
    |add_ln703_609_fu_5477_p2   |     +    |      0|  0|   8|           4|           4|
    |add_ln703_610_fu_5481_p2   |     +    |      0|  0|   8|           4|           4|
    |add_ln703_611_fu_4002_p2   |     +    |      0|  0|  13|           4|           4|
    |add_ln703_612_fu_4008_p2   |     +    |      0|  0|  13|           4|           4|
    |add_ln703_613_fu_5486_p2   |     +    |      0|  0|   8|           4|           4|
    |add_ln703_614_fu_5490_p2   |     +    |      0|  0|   8|           4|           4|
    |add_ln703_615_fu_4014_p2   |     +    |      0|  0|  13|           4|           4|
    |add_ln703_616_fu_4020_p2   |     +    |      0|  0|  13|           4|           4|
    |add_ln703_617_fu_5495_p2   |     +    |      0|  0|   8|           4|           4|
    |add_ln703_618_fu_5500_p2   |     +    |      0|  0|   8|           4|           4|
    |add_ln703_619_fu_5926_p2   |     +    |      0|  0|   8|           4|           4|
    |add_ln703_620_fu_5930_p2   |     +    |      0|  0|   8|           4|           4|
    |add_ln703_621_fu_4026_p2   |     +    |      0|  0|  13|           4|           4|
    |add_ln703_622_fu_5505_p2   |     +    |      0|  0|   8|           4|           4|
    |add_ln703_623_fu_5509_p2   |     +    |      0|  0|   8|           4|           4|
    |add_ln703_624_fu_5514_p2   |     +    |      0|  0|  13|           4|           4|
    |add_ln703_625_fu_5518_p2   |     +    |      0|  0|   8|           4|           4|
    |add_ln703_626_fu_5522_p2   |     +    |      0|  0|   8|           4|           4|
    |add_ln703_627_fu_5935_p2   |     +    |      0|  0|   8|           4|           4|
    |add_ln703_628_fu_5939_p2   |     +    |      0|  0|   8|           4|           4|
    |add_ln703_629_fu_4032_p2   |     +    |      0|  0|  13|           4|           4|
    |add_ln703_630_fu_4038_p2   |     +    |      0|  0|  13|           4|           4|
    |add_ln703_631_fu_5527_p2   |     +    |      0|  0|   8|           4|           4|
    |add_ln703_632_fu_5532_p2   |     +    |      0|  0|   8|           4|           4|
    |add_ln703_633_fu_5537_p2   |     +    |      0|  0|  13|           4|           4|
    |add_ln703_634_fu_5543_p2   |     +    |      0|  0|  13|           4|           4|
    |add_ln703_635_fu_5944_p2   |     +    |      0|  0|   8|           4|           4|
    |add_ln703_636_fu_5948_p2   |     +    |      0|  0|   8|           4|           4|
    |add_ln703_637_fu_6090_p2   |     +    |      0|  0|   8|           4|           4|
    |add_ln703_638_fu_6094_p2   |     +    |      0|  0|   8|           4|           4|
    |add_ln703_639_fu_4044_p2   |     +    |      0|  0|  13|           4|           4|
    |add_ln703_640_fu_5547_p2   |     +    |      0|  0|   8|           4|           4|
    |add_ln703_641_fu_5553_p2   |     +    |      0|  0|   8|           4|           4|
    |add_ln703_642_fu_5558_p2   |     +    |      0|  0|  13|           4|           4|
    |add_ln703_643_fu_5564_p2   |     +    |      0|  0|   8|           4|           4|
    |add_ln703_644_fu_5570_p2   |     +    |      0|  0|   8|           4|           4|
    |add_ln703_645_fu_5953_p2   |     +    |      0|  0|   8|           4|           4|
    |add_ln703_646_fu_5957_p2   |     +    |      0|  0|   8|           4|           4|
    |add_ln703_647_fu_5576_p2   |     +    |      0|  0|  13|           4|           4|
    |add_ln703_648_fu_5582_p2   |     +    |      0|  0|  13|           4|           4|
    |add_ln703_649_fu_5962_p2   |     +    |      0|  0|   8|           4|           4|
    |add_ln703_650_fu_5967_p2   |     +    |      0|  0|   8|           4|           4|
    |add_ln703_651_fu_5588_p2   |     +    |      0|  0|  13|           4|           4|
    |add_ln703_652_fu_4050_p2   |     +    |      0|  0|  13|           4|           4|
    |add_ln703_653_fu_5972_p2   |     +    |      0|  0|   8|           4|           4|
    |add_ln703_654_fu_5977_p2   |     +    |      0|  0|   8|           4|           4|
    |add_ln703_655_fu_6099_p2   |     +    |      0|  0|   8|           4|           4|
    |add_ln703_656_fu_6103_p2   |     +    |      0|  0|   8|           4|           4|
    |add_ln703_657_fu_4056_p2   |     +    |      0|  0|  13|           4|           4|
    |add_ln703_658_fu_5594_p2   |     +    |      0|  0|   8|           4|           4|
    |add_ln703_659_fu_5599_p2   |     +    |      0|  0|   8|           4|           4|
    |add_ln703_660_fu_5604_p2   |     +    |      0|  0|  13|           4|           4|
    |add_ln703_661_fu_5609_p2   |     +    |      0|  0|   8|           4|           4|
    |add_ln703_662_fu_5615_p2   |     +    |      0|  0|   8|           4|           4|
    |add_ln703_663_fu_5982_p2   |     +    |      0|  0|   8|           4|           4|
    |add_ln703_664_fu_5986_p2   |     +    |      0|  0|   8|           4|           4|
    |add_ln703_665_fu_5621_p2   |     +    |      0|  0|  13|           4|           4|
    |add_ln703_666_fu_5991_p2   |     +    |      0|  0|   8|           4|           4|
    |add_ln703_667_fu_5995_p2   |     +    |      0|  0|   8|           4|           4|
    |add_ln703_668_fu_5627_p2   |     +    |      0|  0|  13|           4|           4|
    |add_ln703_669_fu_5633_p2   |     +    |      0|  0|  13|           4|           4|
    |add_ln703_670_fu_6000_p2   |     +    |      0|  0|   8|           4|           4|
    |add_ln703_671_fu_6004_p2   |     +    |      0|  0|   8|           4|           4|
    |add_ln703_672_fu_6108_p2   |     +    |      0|  0|   8|           4|           4|
    |add_ln703_673_fu_6112_p2   |     +    |      0|  0|   8|           4|           4|
    |add_ln703_674_fu_6144_p2   |     +    |      0|  0|   8|           4|           4|
    |add_ln703_fu_2707_p2       |     +    |      0|  0|   8|           4|           4|
    |sub_ln1118_200_fu_1164_p2  |     -    |      0|  0|  15|           1|           5|
    |sub_ln1118_201_fu_1188_p2  |     -    |      0|  0|  15|           1|           5|
    |sub_ln1118_202_fu_1590_p2  |     -    |      0|  0|  15|           1|           6|
    |sub_ln1118_203_fu_1610_p2  |     -    |      0|  0|  15|           1|           5|
    |sub_ln1118_204_fu_1638_p2  |     -    |      0|  0|  15|           1|           5|
    |sub_ln1118_205_fu_1662_p2  |     -    |      0|  0|  15|           1|           5|
    |sub_ln1118_206_fu_1690_p2  |     -    |      0|  0|  15|           1|           5|
    |sub_ln1118_207_fu_1718_p2  |     -    |      0|  0|  15|           1|           5|
    |sub_ln1118_208_fu_1742_p2  |     -    |      0|  0|  15|           1|           5|
    |sub_ln1118_209_fu_1240_p2  |     -    |      0|  0|  15|           1|           5|
    |sub_ln1118_210_fu_1765_p2  |     -    |      0|  0|  15|           1|           5|
    |sub_ln1118_211_fu_1789_p2  |     -    |      0|  0|  15|           1|           5|
    |sub_ln1118_212_fu_1825_p2  |     -    |      0|  0|  15|           1|           5|
    |sub_ln1118_213_fu_1879_p2  |     -    |      0|  0|  15|           1|           6|
    |sub_ln1118_214_fu_1911_p2  |     -    |      0|  0|  15|           1|           5|
    |sub_ln1118_215_fu_1935_p2  |     -    |      0|  0|  15|           1|           5|
    |sub_ln1118_216_fu_1955_p2  |     -    |      0|  0|  15|           1|           5|
    |sub_ln1118_217_fu_1979_p2  |     -    |      0|  0|  15|           1|           5|
    |sub_ln1118_218_fu_2019_p2  |     -    |      0|  0|  15|           1|           5|
    |sub_ln1118_219_fu_2047_p2  |     -    |      0|  0|  15|           1|           5|
    |sub_ln1118_220_fu_2071_p2  |     -    |      0|  0|  15|           1|           5|
    |sub_ln1118_221_fu_2091_p2  |     -    |      0|  0|  15|           1|           5|
    |sub_ln1118_222_fu_2115_p2  |     -    |      0|  0|  15|           1|           5|
    |sub_ln1118_223_fu_2143_p2  |     -    |      0|  0|  15|           1|           5|
    |sub_ln1118_224_fu_2171_p2  |     -    |      0|  0|  15|           1|           5|
    |sub_ln1118_225_fu_4101_p2  |     -    |      0|  0|  15|           1|           5|
    |sub_ln1118_226_fu_2199_p2  |     -    |      0|  0|  15|           1|           5|
    |sub_ln1118_227_fu_2223_p2  |     -    |      0|  0|  15|           1|           5|
    |sub_ln1118_228_fu_2251_p2  |     -    |      0|  0|  15|           1|           5|
    |sub_ln1118_229_fu_2275_p2  |     -    |      0|  0|  15|           1|           5|
    |sub_ln1118_230_fu_2295_p2  |     -    |      0|  0|  15|           1|           5|
    |sub_ln1118_231_fu_2319_p2  |     -    |      0|  0|  15|           1|           5|
    |sub_ln1118_232_fu_2343_p2  |     -    |      0|  0|  15|           1|           5|
    |sub_ln1118_233_fu_2371_p2  |     -    |      0|  0|  15|           1|           5|
    |sub_ln1118_234_fu_2415_p2  |     -    |      0|  0|  15|           1|           5|
    |sub_ln1118_235_fu_4150_p2  |     -    |      0|  0|  15|           1|           5|
    |sub_ln1118_236_fu_2447_p2  |     -    |      0|  0|  15|           1|           5|
    |sub_ln1118_237_fu_2467_p2  |     -    |      0|  0|  15|           1|           5|
    |sub_ln1118_238_fu_2491_p2  |     -    |      0|  0|  15|           1|           5|
    |sub_ln1118_239_fu_4199_p2  |     -    |      0|  0|  15|           1|           5|
    |sub_ln1118_240_fu_4227_p2  |     -    |      0|  0|  15|           1|           5|
    |sub_ln1118_241_fu_4251_p2  |     -    |      0|  0|  15|           1|           5|
    |sub_ln1118_242_fu_4275_p2  |     -    |      0|  0|  15|           1|           5|
    |sub_ln1118_243_fu_4317_p2  |     -    |      0|  0|  15|           1|           5|
    |sub_ln1118_244_fu_2527_p2  |     -    |      0|  0|  15|           1|           5|
    |sub_ln1118_245_fu_2551_p2  |     -    |      0|  0|  15|           1|           5|
    |sub_ln1118_246_fu_2591_p2  |     -    |      0|  0|  15|           1|           5|
    |sub_ln1118_247_fu_2611_p2  |     -    |      0|  0|  15|           1|           5|
    |sub_ln1118_248_fu_2631_p2  |     -    |      0|  0|  15|           1|           5|
    |sub_ln1118_249_fu_2651_p2  |     -    |      0|  0|  15|           1|           5|
    |sub_ln1118_250_fu_2679_p2  |     -    |      0|  0|  15|           1|           5|
    |sub_ln1118_251_fu_4360_p2  |     -    |      0|  0|  15|           1|           5|
    |sub_ln1118_252_fu_4388_p2  |     -    |      0|  0|  15|           1|           5|
    |sub_ln1118_253_fu_4412_p2  |     -    |      0|  0|  15|           1|           5|
    |sub_ln1118_254_fu_4436_p2  |     -    |      0|  0|  15|           1|           5|
    |sub_ln1118_255_fu_4456_p2  |     -    |      0|  0|  15|           1|           5|
    |sub_ln1118_256_fu_4484_p2  |     -    |      0|  0|  15|           1|           5|
    |sub_ln1118_257_fu_1260_p2  |     -    |      0|  0|  15|           1|           5|
    |sub_ln1118_258_fu_1292_p2  |     -    |      0|  0|  15|           1|           6|
    |sub_ln1118_259_fu_1308_p2  |     -    |      0|  0|  15|           1|           5|
    |sub_ln1118_260_fu_2763_p2  |     -    |      0|  0|  15|           1|           5|
    |sub_ln1118_261_fu_1324_p2  |     -    |      0|  0|  15|           1|           5|
    |sub_ln1118_262_fu_1340_p2  |     -    |      0|  0|  15|           1|           5|
    |sub_ln1118_263_fu_2789_p2  |     -    |      0|  0|  15|           1|           5|
    |sub_ln1118_264_fu_2809_p2  |     -    |      0|  0|  15|           1|           5|
    |sub_ln1118_265_fu_2839_p2  |     -    |      0|  0|  15|           1|           5|
    |sub_ln1118_266_fu_2859_p2  |     -    |      0|  0|  15|           1|           5|
    |sub_ln1118_267_fu_2879_p2  |     -    |      0|  0|  15|           1|           5|
    |sub_ln1118_268_fu_2899_p2  |     -    |      0|  0|  15|           1|           5|
    |sub_ln1118_269_fu_2919_p2  |     -    |      0|  0|  15|           1|           5|
    |sub_ln1118_270_fu_2939_p2  |     -    |      0|  0|  15|           1|           5|
    |sub_ln1118_271_fu_2959_p2  |     -    |      0|  0|  15|           1|           5|
    |sub_ln1118_272_fu_2979_p2  |     -    |      0|  0|  15|           1|           5|
    |sub_ln1118_273_fu_2995_p2  |     -    |      0|  0|  15|           1|           5|
    |sub_ln1118_274_fu_3011_p2  |     -    |      0|  0|  15|           1|           5|
    |sub_ln1118_275_fu_3031_p2  |     -    |      0|  0|  15|           1|           5|
    |sub_ln1118_276_fu_3051_p2  |     -    |      0|  0|  15|           1|           5|
    |sub_ln1118_277_fu_3071_p2  |     -    |      0|  0|  15|           1|           5|
    |sub_ln1118_278_fu_3091_p2  |     -    |      0|  0|  15|           1|           5|
    |sub_ln1118_279_fu_4652_p2  |     -    |      0|  0|  15|           1|           5|
    |sub_ln1118_280_fu_3107_p2  |     -    |      0|  0|  15|           1|           5|
    |sub_ln1118_281_fu_3127_p2  |     -    |      0|  0|  15|           1|           5|
    |sub_ln1118_282_fu_3147_p2  |     -    |      0|  0|  15|           1|           5|
    |sub_ln1118_283_fu_3163_p2  |     -    |      0|  0|  15|           1|           5|
    |sub_ln1118_284_fu_3183_p2  |     -    |      0|  0|  15|           1|           5|
    |sub_ln1118_285_fu_3203_p2  |     -    |      0|  0|  15|           1|           5|
    |sub_ln1118_286_fu_3223_p2  |     -    |      0|  0|  15|           1|           5|
    |sub_ln1118_287_fu_3239_p2  |     -    |      0|  0|  15|           1|           5|
    |sub_ln1118_288_fu_3255_p2  |     -    |      0|  0|  15|           1|           5|
    |sub_ln1118_289_fu_3271_p2  |     -    |      0|  0|  15|           1|           5|
    |sub_ln1118_290_fu_4687_p2  |     -    |      0|  0|  15|           1|           5|
    |sub_ln1118_291_fu_4707_p2  |     -    |      0|  0|  15|           1|           5|
    |sub_ln1118_292_fu_4727_p2  |     -    |      0|  0|  15|           1|           5|
    |sub_ln1118_293_fu_4743_p2  |     -    |      0|  0|  15|           1|           5|
    |sub_ln1118_294_fu_4763_p2  |     -    |      0|  0|  15|           1|           5|
    |sub_ln1118_295_fu_4783_p2  |     -    |      0|  0|  15|           1|           5|
    |sub_ln1118_296_fu_4803_p2  |     -    |      0|  0|  15|           1|           5|
    |sub_ln1118_297_fu_3287_p2  |     -    |      0|  0|  15|           1|           5|
    |sub_ln1118_298_fu_3307_p2  |     -    |      0|  0|  15|           1|           5|
    |sub_ln1118_299_fu_3327_p2  |     -    |      0|  0|  15|           1|           5|
    |sub_ln1118_300_fu_3347_p2  |     -    |      0|  0|  15|           1|           5|
    |sub_ln1118_301_fu_3367_p2  |     -    |      0|  0|  15|           1|           5|
    |sub_ln1118_302_fu_3383_p2  |     -    |      0|  0|  15|           1|           5|
    |sub_ln1118_303_fu_3399_p2  |     -    |      0|  0|  15|           1|           5|
    |sub_ln1118_304_fu_4832_p2  |     -    |      0|  0|  15|           1|           5|
    |sub_ln1118_305_fu_4852_p2  |     -    |      0|  0|  15|           1|           5|
    |sub_ln1118_306_fu_4872_p2  |     -    |      0|  0|  15|           1|           5|
    |sub_ln1118_307_fu_4892_p2  |     -    |      0|  0|  15|           1|           5|
    |sub_ln1118_308_fu_4912_p2  |     -    |      0|  0|  15|           1|           5|
    |sub_ln1118_309_fu_1362_p2  |     -    |      0|  0|  15|           1|           5|
    |sub_ln1118_310_fu_1394_p2  |     -    |      0|  0|  15|           1|           6|
    |sub_ln1118_311_fu_1420_p2  |     -    |      0|  0|  15|           1|           5|
    |sub_ln1118_312_fu_1436_p2  |     -    |      0|  0|  15|           1|           5|
    |sub_ln1118_313_fu_1452_p2  |     -    |      0|  0|  15|           1|           5|
    |sub_ln1118_314_fu_1468_p2  |     -    |      0|  0|  15|           1|           5|
    |sub_ln1118_315_fu_3525_p2  |     -    |      0|  0|  15|           1|           5|
    |sub_ln1118_316_fu_3556_p2  |     -    |      0|  0|  15|           1|           6|
    |sub_ln1118_317_fu_3572_p2  |     -    |      0|  0|  15|           1|           5|
    |sub_ln1118_318_fu_3592_p2  |     -    |      0|  0|  15|           1|           5|
    |sub_ln1118_319_fu_3618_p2  |     -    |      0|  0|  15|           1|           5|
    |sub_ln1118_320_fu_3638_p2  |     -    |      0|  0|  15|           1|           5|
    |sub_ln1118_321_fu_3668_p2  |     -    |      0|  0|  15|           1|           5|
    |sub_ln1118_322_fu_5127_p2  |     -    |      0|  0|  15|           1|           5|
    |sub_ln1118_323_fu_5147_p2  |     -    |      0|  0|  15|           1|           5|
    |sub_ln1118_324_fu_5167_p2  |     -    |      0|  0|  15|           1|           5|
    |sub_ln1118_325_fu_3688_p2  |     -    |      0|  0|  15|           1|           5|
    |sub_ln1118_326_fu_3708_p2  |     -    |      0|  0|  15|           1|           5|
    |sub_ln1118_327_fu_3724_p2  |     -    |      0|  0|  15|           1|           5|
    |sub_ln1118_328_fu_3744_p2  |     -    |      0|  0|  15|           1|           5|
    |sub_ln1118_329_fu_3760_p2  |     -    |      0|  0|  15|           1|           5|
    |sub_ln1118_330_fu_1490_p2  |     -    |      0|  0|  15|           1|           5|
    |sub_ln1118_331_fu_1510_p2  |     -    |      0|  0|  15|           1|           5|
    |sub_ln1118_332_fu_1530_p2  |     -    |      0|  0|  15|           1|           5|
    |sub_ln1118_333_fu_3873_p2  |     -    |      0|  0|  15|           1|           5|
    |sub_ln1118_334_fu_1546_p2  |     -    |      0|  0|  15|           1|           5|
    |sub_ln1118_335_fu_3896_p2  |     -    |      0|  0|  15|           1|           5|
    |sub_ln1118_336_fu_3916_p2  |     -    |      0|  0|  15|           1|           5|
    |sub_ln1118_337_fu_5382_p2  |     -    |      0|  0|  15|           1|           6|
    |sub_ln1118_338_fu_3936_p2  |     -    |      0|  0|  15|           1|           5|
    |sub_ln1118_339_fu_5413_p2  |     -    |      0|  0|  15|           1|           6|
    |sub_ln1118_340_fu_3964_p2  |     -    |      0|  0|  15|           1|           6|
    |sub_ln1118_341_fu_5429_p2  |     -    |      0|  0|  15|           1|           5|
    |sub_ln1118_342_fu_5461_p2  |     -    |      0|  0|  15|           1|           6|
    |sub_ln1118_fu_1128_p2      |     -    |      0|  0|  15|           1|           5|
    +---------------------------+----------+-------+---+----+------------+------------+
    |Total                      |          |      0|  0|4862|        1268|        1852|
    +---------------------------+----------+-------+---+----+------------+------------+

    * Multiplexer: 
    +-----------+----+-----------+-----+-----------+
    |    Name   | LUT| Input Size| Bits| Total Bits|
    +-----------+----+-----------+-----+-----------+
    |ap_NS_fsm  |  38|          7|    1|          7|
    +-----------+----+-----------+-----+-----------+
    |Total      |  38|          7|    1|          7|
    +-----------+----+-----------+-----+-----------+

    * Register: 
    +--------------------------+----+----+-----+-----------+
    |           Name           | FF | LUT| Bits| Const Bits|
    +--------------------------+----+----+-----+-----------+
    |add_ln703_395_reg_6441    |   4|   0|    4|          0|
    |add_ln703_396_reg_6446    |   4|   0|    4|          0|
    |add_ln703_397_reg_6451    |   4|   0|    4|          0|
    |add_ln703_399_reg_6927    |   4|   0|    4|          0|
    |add_ln703_400_reg_6456    |   4|   0|    4|          0|
    |add_ln703_402_reg_6932    |   4|   0|    4|          0|
    |add_ln703_403_reg_6461    |   4|   0|    4|          0|
    |add_ln703_405_reg_6937    |   4|   0|    4|          0|
    |add_ln703_407_reg_7370    |   4|   0|    4|          0|
    |add_ln703_409_reg_6942    |   4|   0|    4|          0|
    |add_ln703_410_reg_6947    |   4|   0|    4|          0|
    |add_ln703_411_reg_6952    |   4|   0|    4|          0|
    |add_ln703_413_reg_7375    |   4|   0|    4|          0|
    |add_ln703_414_reg_6466    |   4|   0|    4|          0|
    |add_ln703_416_reg_6957    |   4|   0|    4|          0|
    |add_ln703_417_reg_6962    |   4|   0|    4|          0|
    |add_ln703_418_reg_6967    |   4|   0|    4|          0|
    |add_ln703_420_reg_7380    |   4|   0|    4|          0|
    |add_ln703_422_reg_7550    |   4|   0|    4|          0|
    |add_ln703_424_reg_6972    |   4|   0|    4|          0|
    |add_ln703_425_reg_6471    |   4|   0|    4|          0|
    |add_ln703_426_reg_6977    |   4|   0|    4|          0|
    |add_ln703_428_reg_7385    |   4|   0|    4|          0|
    |add_ln703_429_reg_6982    |   4|   0|    4|          0|
    |add_ln703_431_reg_7390    |   4|   0|    4|          0|
    |add_ln703_432_reg_6987    |   4|   0|    4|          0|
    |add_ln703_434_reg_7395    |   4|   0|    4|          0|
    |add_ln703_436_reg_7555    |   4|   0|    4|          0|
    |add_ln703_437_reg_6477    |   4|   0|    4|          0|
    |add_ln703_439_reg_6993    |   4|   0|    4|          0|
    |add_ln703_440_reg_6998    |   4|   0|    4|          0|
    |add_ln703_441_reg_7004    |   4|   0|    4|          0|
    |add_ln703_443_reg_7400    |   4|   0|    4|          0|
    |add_ln703_444_reg_7009    |   4|   0|    4|          0|
    |add_ln703_446_reg_7405    |   4|   0|    4|          0|
    |add_ln703_448_reg_7015    |   3|   0|    3|          0|
    |add_ln703_449_reg_7410    |   4|   0|    4|          0|
    |add_ln703_451_reg_7560    |   4|   0|    4|          0|
    |add_ln703_454_reg_6224    |   4|   0|    4|          0|
    |add_ln703_456_reg_6605    |   4|   0|    4|          0|
    |add_ln703_457_reg_6610    |   4|   0|    4|          0|
    |add_ln703_459_reg_6615    |   4|   0|    4|          0|
    |add_ln703_461_reg_7045    |   4|   0|    4|          0|
    |add_ln703_462_reg_6620    |   4|   0|    4|          0|
    |add_ln703_463_reg_6625    |   4|   0|    4|          0|
    |add_ln703_465_reg_7050    |   4|   0|    4|          0|
    |add_ln703_466_reg_6630    |   4|   0|    4|          0|
    |add_ln703_467_reg_6635    |   4|   0|    4|          0|
    |add_ln703_469_reg_7055    |   4|   0|    4|          0|
    |add_ln703_471_reg_7415    |   4|   0|    4|          0|
    |add_ln703_472_reg_6640    |   4|   0|    4|          0|
    |add_ln703_474_reg_7060    |   4|   0|    4|          0|
    |add_ln703_475_reg_7065    |   4|   0|    4|          0|
    |add_ln703_477_reg_7070    |   4|   0|    4|          0|
    |add_ln703_479_reg_7420    |   4|   0|    4|          0|
    |add_ln703_480_reg_6645    |   4|   0|    4|          0|
    |add_ln703_481_reg_6650    |   4|   0|    4|          0|
    |add_ln703_483_reg_7075    |   4|   0|    4|          0|
    |add_ln703_484_reg_7080    |   4|   0|    4|          0|
    |add_ln703_486_reg_7085    |   4|   0|    4|          0|
    |add_ln703_488_reg_7425    |   4|   0|    4|          0|
    |add_ln703_490_reg_7565    |   4|   0|    4|          0|
    |add_ln703_491_reg_6655    |   4|   0|    4|          0|
    |add_ln703_493_reg_7090    |   4|   0|    4|          0|
    |add_ln703_494_reg_7095    |   4|   0|    4|          0|
    |add_ln703_496_reg_7100    |   4|   0|    4|          0|
    |add_ln703_498_reg_7430    |   4|   0|    4|          0|
    |add_ln703_499_reg_7105    |   4|   0|    4|          0|
    |add_ln703_500_reg_7110    |   4|   0|    4|          0|
    |add_ln703_502_reg_7435    |   4|   0|    4|          0|
    |add_ln703_503_reg_7115    |   4|   0|    4|          0|
    |add_ln703_504_reg_7120    |   4|   0|    4|          0|
    |add_ln703_506_reg_7440    |   4|   0|    4|          0|
    |add_ln703_508_reg_7570    |   4|   0|    4|          0|
    |add_ln703_509_reg_6661    |   4|   0|    4|          0|
    |add_ln703_510_reg_6666    |   4|   0|    4|          0|
    |add_ln703_512_reg_7125    |   4|   0|    4|          0|
    |add_ln703_513_reg_7130    |   4|   0|    4|          0|
    |add_ln703_515_reg_7135    |   4|   0|    4|          0|
    |add_ln703_517_reg_7445    |   4|   0|    4|          0|
    |add_ln703_518_reg_7140    |   4|   0|    4|          0|
    |add_ln703_519_reg_7145    |   4|   0|    4|          0|
    |add_ln703_521_reg_7450    |   4|   0|    4|          0|
    |add_ln703_522_reg_7150    |   4|   0|    4|          0|
    |add_ln703_523_reg_7155    |   3|   0|    3|          0|
    |add_ln703_525_reg_7455    |   4|   0|    4|          0|
    |add_ln703_527_reg_7575    |   4|   0|    4|          0|
    |add_ln703_530_reg_6254    |   4|   0|    4|          0|
    |add_ln703_532_reg_6731    |   4|   0|    4|          0|
    |add_ln703_533_reg_6736    |   4|   0|    4|          0|
    |add_ln703_535_reg_6741    |   4|   0|    4|          0|
    |add_ln703_537_reg_7160    |   4|   0|    4|          0|
    |add_ln703_538_reg_6746    |   4|   0|    4|          0|
    |add_ln703_539_reg_6751    |   4|   0|    4|          0|
    |add_ln703_541_reg_7165    |   4|   0|    4|          0|
    |add_ln703_542_reg_6756    |   4|   0|    4|          0|
    |add_ln703_543_reg_6761    |   4|   0|    4|          0|
    |add_ln703_545_reg_7170    |   4|   0|    4|          0|
    |add_ln703_547_reg_7460    |   4|   0|    4|          0|
    |add_ln703_548_reg_6766    |   4|   0|    4|          0|
    |add_ln703_549_reg_6771    |   4|   0|    4|          0|
    |add_ln703_551_reg_7175    |   4|   0|    4|          0|
    |add_ln703_552_reg_7180    |   4|   0|    4|          0|
    |add_ln703_554_reg_7185    |   4|   0|    4|          0|
    |add_ln703_556_reg_7465    |   4|   0|    4|          0|
    |add_ln703_557_reg_6776    |   4|   0|    4|          0|
    |add_ln703_558_reg_6781    |   4|   0|    4|          0|
    |add_ln703_560_reg_7190    |   4|   0|    4|          0|
    |add_ln703_561_reg_7195    |   4|   0|    4|          0|
    |add_ln703_563_reg_7200    |   4|   0|    4|          0|
    |add_ln703_565_reg_7470    |   4|   0|    4|          0|
    |add_ln703_567_reg_7580    |   4|   0|    4|          0|
    |add_ln703_568_reg_6786    |   4|   0|    4|          0|
    |add_ln703_570_reg_7205    |   4|   0|    4|          0|
    |add_ln703_571_reg_7210    |   4|   0|    4|          0|
    |add_ln703_572_reg_7215    |   4|   0|    4|          0|
    |add_ln703_574_reg_7475    |   4|   0|    4|          0|
    |add_ln703_575_reg_7220    |   4|   0|    4|          0|
    |add_ln703_576_reg_7225    |   4|   0|    4|          0|
    |add_ln703_578_reg_7480    |   4|   0|    4|          0|
    |add_ln703_579_reg_7230    |   4|   0|    4|          0|
    |add_ln703_581_reg_7485    |   4|   0|    4|          0|
    |add_ln703_583_reg_7585    |   4|   0|    4|          0|
    |add_ln703_584_reg_6791    |   4|   0|    4|          0|
    |add_ln703_585_reg_6796    |   4|   0|    4|          0|
    |add_ln703_587_reg_7235    |   4|   0|    4|          0|
    |add_ln703_589_reg_7240    |   4|   0|    4|          0|
    |add_ln703_591_reg_7490    |   4|   0|    4|          0|
    |add_ln703_592_reg_7245    |   4|   0|    4|          0|
    |add_ln703_593_reg_7250    |   4|   0|    4|          0|
    |add_ln703_595_reg_7495    |   4|   0|    4|          0|
    |add_ln703_596_reg_7255    |   3|   0|    3|          0|
    |add_ln703_597_reg_7260    |   3|   0|    3|          0|
    |add_ln703_599_reg_7500    |   4|   0|    4|          0|
    |add_ln703_601_reg_7590    |   4|   0|    4|          0|
    |add_ln703_604_reg_6269    |   4|   0|    4|          0|
    |add_ln703_606_reg_6806    |   4|   0|    4|          0|
    |add_ln703_607_reg_6811    |   4|   0|    4|          0|
    |add_ln703_608_reg_6816    |   4|   0|    4|          0|
    |add_ln703_610_reg_7265    |   4|   0|    4|          0|
    |add_ln703_611_reg_6821    |   4|   0|    4|          0|
    |add_ln703_612_reg_6826    |   4|   0|    4|          0|
    |add_ln703_614_reg_7270    |   4|   0|    4|          0|
    |add_ln703_615_reg_6831    |   4|   0|    4|          0|
    |add_ln703_616_reg_6836    |   4|   0|    4|          0|
    |add_ln703_618_reg_7275    |   4|   0|    4|          0|
    |add_ln703_620_reg_7505    |   4|   0|    4|          0|
    |add_ln703_621_reg_6841    |   4|   0|    4|          0|
    |add_ln703_623_reg_7280    |   4|   0|    4|          0|
    |add_ln703_624_reg_7285    |   4|   0|    4|          0|
    |add_ln703_626_reg_7290    |   4|   0|    4|          0|
    |add_ln703_628_reg_7510    |   4|   0|    4|          0|
    |add_ln703_629_reg_6846    |   4|   0|    4|          0|
    |add_ln703_630_reg_6851    |   4|   0|    4|          0|
    |add_ln703_632_reg_7295    |   4|   0|    4|          0|
    |add_ln703_633_reg_7300    |   4|   0|    4|          0|
    |add_ln703_634_reg_7305    |   4|   0|    4|          0|
    |add_ln703_636_reg_7515    |   4|   0|    4|          0|
    |add_ln703_638_reg_7595    |   4|   0|    4|          0|
    |add_ln703_639_reg_6856    |   4|   0|    4|          0|
    |add_ln703_641_reg_7310    |   4|   0|    4|          0|
    |add_ln703_642_reg_7315    |   4|   0|    4|          0|
    |add_ln703_644_reg_7320    |   4|   0|    4|          0|
    |add_ln703_646_reg_7520    |   4|   0|    4|          0|
    |add_ln703_647_reg_7325    |   4|   0|    4|          0|
    |add_ln703_648_reg_7330    |   4|   0|    4|          0|
    |add_ln703_650_reg_7525    |   4|   0|    4|          0|
    |add_ln703_651_reg_7335    |   4|   0|    4|          0|
    |add_ln703_652_reg_6861    |   4|   0|    4|          0|
    |add_ln703_654_reg_7530    |   4|   0|    4|          0|
    |add_ln703_656_reg_7600    |   4|   0|    4|          0|
    |add_ln703_657_reg_6866    |   4|   0|    4|          0|
    |add_ln703_659_reg_7340    |   4|   0|    4|          0|
    |add_ln703_660_reg_7345    |   4|   0|    4|          0|
    |add_ln703_662_reg_7350    |   4|   0|    4|          0|
    |add_ln703_664_reg_7535    |   4|   0|    4|          0|
    |add_ln703_665_reg_7355    |   4|   0|    4|          0|
    |add_ln703_667_reg_7540    |   4|   0|    4|          0|
    |add_ln703_668_reg_7360    |   4|   0|    4|          0|
    |add_ln703_669_reg_7365    |   4|   0|    4|          0|
    |add_ln703_671_reg_7545    |   4|   0|    4|          0|
    |add_ln703_673_reg_7605    |   4|   0|    4|          0|
    |ap_CS_fsm                 |   6|   0|    6|          0|
    |sext_ln708_186_reg_6192   |   4|   0|    4|          0|
    |sext_ln708_194_reg_6284   |   4|   0|    4|          0|
    |sext_ln708_199_reg_6304   |   4|   0|    4|          0|
    |sext_ln708_201_reg_6315   |   4|   0|    4|          0|
    |sext_ln708_202_reg_6320   |   4|   0|    4|          0|
    |sext_ln708_203_reg_6327   |   4|   0|    4|          0|
    |sext_ln708_204_reg_6333   |   4|   0|    4|          0|
    |sext_ln708_206_reg_6344   |   4|   0|    4|          0|
    |sext_ln708_207_reg_6349   |   4|   0|    4|          0|
    |sext_ln708_211_reg_6364   |   4|   0|    4|          0|
    |sext_ln708_212_reg_6370   |   4|   0|    4|          0|
    |sext_ln708_213_reg_6375   |   4|   0|    4|          0|
    |sext_ln708_216_reg_6391   |   4|   0|    4|          0|
    |sext_ln708_223_reg_6876   |   4|   0|    4|          0|
    |sext_ln708_224_reg_6881   |   4|   0|    4|          0|
    |sext_ln708_226_reg_6886   |   4|   0|    4|          0|
    |sext_ln708_237_reg_6901   |   4|   0|    4|          0|
    |sext_ln708_238_reg_6906   |   4|   0|    4|          0|
    |sext_ln708_242_reg_6921   |   4|   0|    4|          0|
    |sext_ln708_250_reg_6487   |   4|   0|    4|          0|
    |sext_ln708_255_reg_6493   |   4|   0|    4|          0|
    |sext_ln708_256_reg_6498   |   4|   0|    4|          0|
    |sext_ln708_259_reg_6514   |   4|   0|    4|          0|
    |sext_ln708_261_reg_6519   |   4|   0|    4|          0|
    |sext_ln708_262_reg_6524   |   4|   0|    4|          0|
    |sext_ln708_265_reg_6534   |   4|   0|    4|          0|
    |sext_ln708_266_reg_6539   |   4|   0|    4|          0|
    |sext_ln708_270_reg_6550   |   4|   0|    4|          0|
    |sext_ln708_278_reg_7025   |   4|   0|    4|          0|
    |sext_ln708_280_reg_7030   |   4|   0|    4|          0|
    |sext_ln708_283_reg_6575   |   4|   0|    4|          0|
    |sext_ln708_284_reg_6580   |   4|   0|    4|          0|
    |sext_ln708_285_reg_6585   |   4|   0|    4|          0|
    |sext_ln708_291_reg_7035   |   4|   0|    4|          0|
    |sext_ln708_293_reg_7040   |   4|   0|    4|          0|
    |sext_ln708_299_reg_6676   |   4|   0|    4|          0|
    |sext_ln708_300_reg_6681   |   4|   0|    4|          0|
    |sext_ln708_304_reg_6696   |   4|   0|    4|          0|
    |sext_ln708_305_reg_6701   |   4|   0|    4|          0|
    |sext_ln708_310_reg_6711   |   4|   0|    4|          0|
    |trunc_ln708_267_reg_6871  |   2|   0|    2|          0|
    |trunc_ln708_274_reg_6279  |   3|   0|    3|          0|
    |trunc_ln708_275_reg_6199  |   3|   0|    3|          0|
    |trunc_ln708_278_reg_6289  |   3|   0|    3|          0|
    |trunc_ln708_279_reg_6294  |   2|   0|    2|          0|
    |trunc_ln708_280_reg_6299  |   4|   0|    4|          0|
    |trunc_ln708_282_reg_6310  |   3|   0|    3|          0|
    |trunc_ln708_287_reg_6339  |   3|   0|    3|          0|
    |trunc_ln708_290_reg_6354  |   3|   0|    3|          0|
    |trunc_ln708_291_reg_6359  |   3|   0|    3|          0|
    |trunc_ln708_296_reg_6381  |   3|   0|    3|          0|
    |trunc_ln708_297_reg_6386  |   3|   0|    3|          0|
    |trunc_ln708_301_reg_6396  |   3|   0|    3|          0|
    |trunc_ln708_303_reg_6401  |   3|   0|    3|          0|
    |trunc_ln708_304_reg_6406  |   3|   0|    3|          0|
    |trunc_ln708_305_reg_6411  |   3|   0|    3|          0|
    |trunc_ln708_309_reg_6891  |   3|   0|    3|          0|
    |trunc_ln708_311_reg_6896  |   3|   0|    3|          0|
    |trunc_ln708_314_reg_6416  |   3|   0|    3|          0|
    |trunc_ln708_315_reg_6421  |   3|   0|    3|          0|
    |trunc_ln708_316_reg_6426  |   3|   0|    3|          0|
    |trunc_ln708_317_reg_6431  |   3|   0|    3|          0|
    |trunc_ln708_318_reg_6436  |   3|   0|    3|          0|
    |trunc_ln708_322_reg_6911  |   3|   0|    3|          0|
    |trunc_ln708_323_reg_6916  |   3|   0|    3|          0|
    |trunc_ln708_326_reg_6204  |   4|   0|    4|          0|
    |trunc_ln708_327_reg_6209  |   3|   0|    3|          0|
    |trunc_ln708_329_reg_6214  |   3|   0|    3|          0|
    |trunc_ln708_330_reg_6219  |   3|   0|    3|          0|
    |trunc_ln708_333_reg_6482  |   2|   0|    2|          0|
    |trunc_ln708_341_reg_6504  |   3|   0|    3|          0|
    |trunc_ln708_342_reg_6509  |   3|   0|    3|          0|
    |trunc_ln708_347_reg_6529  |   3|   0|    3|          0|
    |trunc_ln708_351_reg_6545  |   3|   0|    3|          0|
    |trunc_ln708_355_reg_6555  |   3|   0|    3|          0|
    |trunc_ln708_356_reg_6560  |   3|   0|    3|          0|
    |trunc_ln708_357_reg_6565  |   3|   0|    3|          0|
    |trunc_ln708_358_reg_6570  |   3|   0|    3|          0|
    |trunc_ln708_361_reg_7020  |   3|   0|    3|          0|
    |trunc_ln708_370_reg_6590  |   3|   0|    3|          0|
    |trunc_ln708_371_reg_6595  |   3|   0|    3|          0|
    |trunc_ln708_372_reg_6600  |   3|   0|    3|          0|
    |trunc_ln708_380_reg_6229  |   2|   0|    2|          0|
    |trunc_ln708_381_reg_6671  |   2|   0|    2|          0|
    |trunc_ln708_382_reg_6234  |   3|   0|    3|          0|
    |trunc_ln708_383_reg_6239  |   3|   0|    3|          0|
    |trunc_ln708_384_reg_6244  |   3|   0|    3|          0|
    |trunc_ln708_385_reg_6249  |   3|   0|    3|          0|
    |trunc_ln708_389_reg_6686  |   3|   0|    3|          0|
    |trunc_ln708_390_reg_6691  |   2|   0|    2|          0|
    |trunc_ln708_393_reg_6706  |   2|   0|    2|          0|
    |trunc_ln708_399_reg_6716  |   3|   0|    3|          0|
    |trunc_ln708_401_reg_6721  |   3|   0|    3|          0|
    |trunc_ln708_402_reg_6726  |   3|   0|    3|          0|
    |trunc_ln708_406_reg_6259  |   3|   0|    3|          0|
    |trunc_ln708_408_reg_6264  |   3|   0|    3|          0|
    |trunc_ln708_412_reg_6801  |   3|   0|    3|          0|
    |trunc_ln708_s_reg_6187    |   3|   0|    3|          0|
    |trunc_ln_reg_6182         |   3|   0|    3|          0|
    +--------------------------+----+----+-----+-----------+
    |Total                     |1062|   0| 1062|          0|
    +--------------------------+----+----+-----+-----------+



================================================================
== Interface
================================================================
* Summary: 
+-----------------+-----+-----+------------+----------------------------------------------------------------------+--------------+
|    RTL Ports    | Dir | Bits|  Protocol  |                             Source Object                            |    C Type    |
+-----------------+-----+-----+------------+----------------------------------------------------------------------+--------------+
|ap_clk           |  in |    1| ap_ctrl_hs | dense_resource_rf_leq_nin<ap_fixed,ap_fixed,config15_mult>.0.0.0.0.0 | return value |
|ap_rst           |  in |    1| ap_ctrl_hs | dense_resource_rf_leq_nin<ap_fixed,ap_fixed,config15_mult>.0.0.0.0.0 | return value |
|ap_start         |  in |    1| ap_ctrl_hs | dense_resource_rf_leq_nin<ap_fixed,ap_fixed,config15_mult>.0.0.0.0.0 | return value |
|ap_done          | out |    1| ap_ctrl_hs | dense_resource_rf_leq_nin<ap_fixed,ap_fixed,config15_mult>.0.0.0.0.0 | return value |
|ap_idle          | out |    1| ap_ctrl_hs | dense_resource_rf_leq_nin<ap_fixed,ap_fixed,config15_mult>.0.0.0.0.0 | return value |
|ap_ready         | out |    1| ap_ctrl_hs | dense_resource_rf_leq_nin<ap_fixed,ap_fixed,config15_mult>.0.0.0.0.0 | return value |
|ap_return_0      | out |    4| ap_ctrl_hs | dense_resource_rf_leq_nin<ap_fixed,ap_fixed,config15_mult>.0.0.0.0.0 | return value |
|ap_return_1      | out |    4| ap_ctrl_hs | dense_resource_rf_leq_nin<ap_fixed,ap_fixed,config15_mult>.0.0.0.0.0 | return value |
|ap_return_2      | out |    4| ap_ctrl_hs | dense_resource_rf_leq_nin<ap_fixed,ap_fixed,config15_mult>.0.0.0.0.0 | return value |
|ap_return_3      | out |    4| ap_ctrl_hs | dense_resource_rf_leq_nin<ap_fixed,ap_fixed,config15_mult>.0.0.0.0.0 | return value |
|data_0_V_read    |  in |    4|   ap_none  |                             data_0_V_read                            |    scalar    |
|data_1_V_read    |  in |    4|   ap_none  |                             data_1_V_read                            |    scalar    |
|data_2_V_read    |  in |    4|   ap_none  |                             data_2_V_read                            |    scalar    |
|data_3_V_read    |  in |    4|   ap_none  |                             data_3_V_read                            |    scalar    |
|data_4_V_read    |  in |    4|   ap_none  |                             data_4_V_read                            |    scalar    |
|data_5_V_read    |  in |    4|   ap_none  |                             data_5_V_read                            |    scalar    |
|data_6_V_read    |  in |    4|   ap_none  |                             data_6_V_read                            |    scalar    |
|data_7_V_read    |  in |    4|   ap_none  |                             data_7_V_read                            |    scalar    |
|data_8_V_read    |  in |    4|   ap_none  |                             data_8_V_read                            |    scalar    |
|data_9_V_read    |  in |    4|   ap_none  |                             data_9_V_read                            |    scalar    |
|data_10_V_read   |  in |    4|   ap_none  |                            data_10_V_read                            |    scalar    |
|data_11_V_read   |  in |    4|   ap_none  |                            data_11_V_read                            |    scalar    |
|data_12_V_read   |  in |    4|   ap_none  |                            data_12_V_read                            |    scalar    |
|data_13_V_read   |  in |    4|   ap_none  |                            data_13_V_read                            |    scalar    |
|data_14_V_read   |  in |    4|   ap_none  |                            data_14_V_read                            |    scalar    |
|data_15_V_read   |  in |    4|   ap_none  |                            data_15_V_read                            |    scalar    |
|data_16_V_read   |  in |    4|   ap_none  |                            data_16_V_read                            |    scalar    |
|data_17_V_read   |  in |    4|   ap_none  |                            data_17_V_read                            |    scalar    |
|data_18_V_read   |  in |    4|   ap_none  |                            data_18_V_read                            |    scalar    |
|data_19_V_read   |  in |    4|   ap_none  |                            data_19_V_read                            |    scalar    |
|data_20_V_read   |  in |    4|   ap_none  |                            data_20_V_read                            |    scalar    |
|data_21_V_read   |  in |    4|   ap_none  |                            data_21_V_read                            |    scalar    |
|data_23_V_read   |  in |    4|   ap_none  |                            data_23_V_read                            |    scalar    |
|data_25_V_read   |  in |    4|   ap_none  |                            data_25_V_read                            |    scalar    |
|data_27_V_read   |  in |    4|   ap_none  |                            data_27_V_read                            |    scalar    |
|data_29_V_read   |  in |    4|   ap_none  |                            data_29_V_read                            |    scalar    |
|data_30_V_read   |  in |    4|   ap_none  |                            data_30_V_read                            |    scalar    |
|data_31_V_read   |  in |    4|   ap_none  |                            data_31_V_read                            |    scalar    |
|data_32_V_read   |  in |    4|   ap_none  |                            data_32_V_read                            |    scalar    |
|data_33_V_read   |  in |    4|   ap_none  |                            data_33_V_read                            |    scalar    |
|data_34_V_read   |  in |    4|   ap_none  |                            data_34_V_read                            |    scalar    |
|data_35_V_read   |  in |    4|   ap_none  |                            data_35_V_read                            |    scalar    |
|data_36_V_read   |  in |    4|   ap_none  |                            data_36_V_read                            |    scalar    |
|data_37_V_read   |  in |    4|   ap_none  |                            data_37_V_read                            |    scalar    |
|data_38_V_read   |  in |    4|   ap_none  |                            data_38_V_read                            |    scalar    |
|data_39_V_read   |  in |    4|   ap_none  |                            data_39_V_read                            |    scalar    |
|data_40_V_read   |  in |    4|   ap_none  |                            data_40_V_read                            |    scalar    |
|data_41_V_read   |  in |    4|   ap_none  |                            data_41_V_read                            |    scalar    |
|data_42_V_read   |  in |    4|   ap_none  |                            data_42_V_read                            |    scalar    |
|data_43_V_read   |  in |    4|   ap_none  |                            data_43_V_read                            |    scalar    |
|data_44_V_read   |  in |    4|   ap_none  |                            data_44_V_read                            |    scalar    |
|data_45_V_read   |  in |    4|   ap_none  |                            data_45_V_read                            |    scalar    |
|data_46_V_read   |  in |    4|   ap_none  |                            data_46_V_read                            |    scalar    |
|data_47_V_read   |  in |    4|   ap_none  |                            data_47_V_read                            |    scalar    |
|data_48_V_read   |  in |    4|   ap_none  |                            data_48_V_read                            |    scalar    |
|data_49_V_read   |  in |    4|   ap_none  |                            data_49_V_read                            |    scalar    |
|data_50_V_read   |  in |    4|   ap_none  |                            data_50_V_read                            |    scalar    |
|data_51_V_read   |  in |    4|   ap_none  |                            data_51_V_read                            |    scalar    |
|data_52_V_read   |  in |    4|   ap_none  |                            data_52_V_read                            |    scalar    |
|data_53_V_read   |  in |    4|   ap_none  |                            data_53_V_read                            |    scalar    |
|data_54_V_read   |  in |    4|   ap_none  |                            data_54_V_read                            |    scalar    |
|data_55_V_read   |  in |    4|   ap_none  |                            data_55_V_read                            |    scalar    |
|data_57_V_read   |  in |    4|   ap_none  |                            data_57_V_read                            |    scalar    |
|data_58_V_read   |  in |    4|   ap_none  |                            data_58_V_read                            |    scalar    |
|data_59_V_read   |  in |    4|   ap_none  |                            data_59_V_read                            |    scalar    |
|data_60_V_read   |  in |    4|   ap_none  |                            data_60_V_read                            |    scalar    |
|data_61_V_read   |  in |    4|   ap_none  |                            data_61_V_read                            |    scalar    |
|data_62_V_read   |  in |    4|   ap_none  |                            data_62_V_read                            |    scalar    |
|data_63_V_read   |  in |    4|   ap_none  |                            data_63_V_read                            |    scalar    |
|data_64_V_read   |  in |    4|   ap_none  |                            data_64_V_read                            |    scalar    |
|data_65_V_read   |  in |    4|   ap_none  |                            data_65_V_read                            |    scalar    |
|data_66_V_read   |  in |    4|   ap_none  |                            data_66_V_read                            |    scalar    |
|data_67_V_read   |  in |    4|   ap_none  |                            data_67_V_read                            |    scalar    |
|data_68_V_read   |  in |    4|   ap_none  |                            data_68_V_read                            |    scalar    |
|data_69_V_read   |  in |    4|   ap_none  |                            data_69_V_read                            |    scalar    |
|data_70_V_read   |  in |    4|   ap_none  |                            data_70_V_read                            |    scalar    |
|data_71_V_read   |  in |    4|   ap_none  |                            data_71_V_read                            |    scalar    |
|data_72_V_read   |  in |    4|   ap_none  |                            data_72_V_read                            |    scalar    |
|data_73_V_read   |  in |    4|   ap_none  |                            data_73_V_read                            |    scalar    |
|data_74_V_read   |  in |    4|   ap_none  |                            data_74_V_read                            |    scalar    |
|data_75_V_read   |  in |    4|   ap_none  |                            data_75_V_read                            |    scalar    |
|data_76_V_read   |  in |    4|   ap_none  |                            data_76_V_read                            |    scalar    |
|data_77_V_read   |  in |    4|   ap_none  |                            data_77_V_read                            |    scalar    |
|data_78_V_read   |  in |    4|   ap_none  |                            data_78_V_read                            |    scalar    |
|data_79_V_read   |  in |    4|   ap_none  |                            data_79_V_read                            |    scalar    |
|data_80_V_read   |  in |    4|   ap_none  |                            data_80_V_read                            |    scalar    |
|data_81_V_read   |  in |    4|   ap_none  |                            data_81_V_read                            |    scalar    |
|data_82_V_read   |  in |    4|   ap_none  |                            data_82_V_read                            |    scalar    |
|data_83_V_read   |  in |    4|   ap_none  |                            data_83_V_read                            |    scalar    |
|data_84_V_read   |  in |    4|   ap_none  |                            data_84_V_read                            |    scalar    |
|data_85_V_read   |  in |    4|   ap_none  |                            data_85_V_read                            |    scalar    |
|data_86_V_read   |  in |    4|   ap_none  |                            data_86_V_read                            |    scalar    |
|data_87_V_read   |  in |    4|   ap_none  |                            data_87_V_read                            |    scalar    |
|data_88_V_read   |  in |    4|   ap_none  |                            data_88_V_read                            |    scalar    |
|data_89_V_read   |  in |    4|   ap_none  |                            data_89_V_read                            |    scalar    |
|data_90_V_read   |  in |    4|   ap_none  |                            data_90_V_read                            |    scalar    |
|data_91_V_read   |  in |    4|   ap_none  |                            data_91_V_read                            |    scalar    |
|data_92_V_read   |  in |    4|   ap_none  |                            data_92_V_read                            |    scalar    |
|data_93_V_read   |  in |    4|   ap_none  |                            data_93_V_read                            |    scalar    |
|data_94_V_read   |  in |    4|   ap_none  |                            data_94_V_read                            |    scalar    |
|data_95_V_read   |  in |    4|   ap_none  |                            data_95_V_read                            |    scalar    |
|data_96_V_read   |  in |    4|   ap_none  |                            data_96_V_read                            |    scalar    |
|data_97_V_read   |  in |    4|   ap_none  |                            data_97_V_read                            |    scalar    |
|data_98_V_read   |  in |    4|   ap_none  |                            data_98_V_read                            |    scalar    |
|data_99_V_read   |  in |    4|   ap_none  |                            data_99_V_read                            |    scalar    |
|data_100_V_read  |  in |    4|   ap_none  |                            data_100_V_read                           |    scalar    |
|data_101_V_read  |  in |    4|   ap_none  |                            data_101_V_read                           |    scalar    |
|data_102_V_read  |  in |    4|   ap_none  |                            data_102_V_read                           |    scalar    |
|data_103_V_read  |  in |    4|   ap_none  |                            data_103_V_read                           |    scalar    |
|data_104_V_read  |  in |    4|   ap_none  |                            data_104_V_read                           |    scalar    |
|data_105_V_read  |  in |    4|   ap_none  |                            data_105_V_read                           |    scalar    |
|data_106_V_read  |  in |    4|   ap_none  |                            data_106_V_read                           |    scalar    |
|data_107_V_read  |  in |    4|   ap_none  |                            data_107_V_read                           |    scalar    |
|data_108_V_read  |  in |    4|   ap_none  |                            data_108_V_read                           |    scalar    |
|data_109_V_read  |  in |    4|   ap_none  |                            data_109_V_read                           |    scalar    |
|data_110_V_read  |  in |    4|   ap_none  |                            data_110_V_read                           |    scalar    |
|data_111_V_read  |  in |    4|   ap_none  |                            data_111_V_read                           |    scalar    |
|data_112_V_read  |  in |    4|   ap_none  |                            data_112_V_read                           |    scalar    |
|data_113_V_read  |  in |    4|   ap_none  |                            data_113_V_read                           |    scalar    |
|data_114_V_read  |  in |    4|   ap_none  |                            data_114_V_read                           |    scalar    |
|data_115_V_read  |  in |    4|   ap_none  |                            data_115_V_read                           |    scalar    |
|data_116_V_read  |  in |    4|   ap_none  |                            data_116_V_read                           |    scalar    |
|data_117_V_read  |  in |    4|   ap_none  |                            data_117_V_read                           |    scalar    |
|data_118_V_read  |  in |    4|   ap_none  |                            data_118_V_read                           |    scalar    |
|data_119_V_read  |  in |    4|   ap_none  |                            data_119_V_read                           |    scalar    |
|data_121_V_read  |  in |    4|   ap_none  |                            data_121_V_read                           |    scalar    |
|data_122_V_read  |  in |    4|   ap_none  |                            data_122_V_read                           |    scalar    |
|data_123_V_read  |  in |    4|   ap_none  |                            data_123_V_read                           |    scalar    |
|data_125_V_read  |  in |    4|   ap_none  |                            data_125_V_read                           |    scalar    |
|data_126_V_read  |  in |    4|   ap_none  |                            data_126_V_read                           |    scalar    |
|data_127_V_read  |  in |    4|   ap_none  |                            data_127_V_read                           |    scalar    |
|data_128_V_read  |  in |    4|   ap_none  |                            data_128_V_read                           |    scalar    |
|data_129_V_read  |  in |    4|   ap_none  |                            data_129_V_read                           |    scalar    |
|data_130_V_read  |  in |    4|   ap_none  |                            data_130_V_read                           |    scalar    |
|data_131_V_read  |  in |    4|   ap_none  |                            data_131_V_read                           |    scalar    |
|data_132_V_read  |  in |    4|   ap_none  |                            data_132_V_read                           |    scalar    |
|data_133_V_read  |  in |    4|   ap_none  |                            data_133_V_read                           |    scalar    |
|data_134_V_read  |  in |    4|   ap_none  |                            data_134_V_read                           |    scalar    |
|data_135_V_read  |  in |    4|   ap_none  |                            data_135_V_read                           |    scalar    |
|data_136_V_read  |  in |    4|   ap_none  |                            data_136_V_read                           |    scalar    |
|data_137_V_read  |  in |    4|   ap_none  |                            data_137_V_read                           |    scalar    |
|data_138_V_read  |  in |    4|   ap_none  |                            data_138_V_read                           |    scalar    |
|data_139_V_read  |  in |    4|   ap_none  |                            data_139_V_read                           |    scalar    |
|data_140_V_read  |  in |    4|   ap_none  |                            data_140_V_read                           |    scalar    |
|data_141_V_read  |  in |    4|   ap_none  |                            data_141_V_read                           |    scalar    |
|data_142_V_read  |  in |    4|   ap_none  |                            data_142_V_read                           |    scalar    |
|data_143_V_read  |  in |    4|   ap_none  |                            data_143_V_read                           |    scalar    |
+-----------------+-----+-----+------------+----------------------------------------------------------------------+--------------+

